[setup] valid=5164312 cat=444794 A1=51064 A2=393730 bg=4719835
[field] det_elev:line:1                              P@40k A1=0.0055 (x0.557) A2=0.0430 (x0.565) cat=0.0486 | AUC A1=0.5063 A2=0.5027  (29s)
[field] det_elev:line:1.5                            P@40k A1=0.0042 (x0.427) A2=0.0340 (x0.447) cat=0.0383 | AUC A1=0.5118 A2=0.504  (35s)
[field] det_elev:line:2                              P@40k A1=0.0039 (x0.395) A2=0.0277 (x0.364) cat=0.0316 | AUC A1=0.513 A2=0.5075  (41s)
[field] det_elev:line:2.5                            P@40k A1=0.0034 (x0.339) A2=0.0238 (x0.312) cat=0.0272 | AUC A1=0.5111 A2=0.5075  (47s)
[field] det_elev:line:3                              P@40k A1=0.0027 (x0.27) A2=0.0215 (x0.282) cat=0.0242 | AUC A1=0.5129 A2=0.5073  (53s)
[field] det_elev:line:5                              P@40k A1=0.0026 (x0.263) A2=0.0221 (x0.29) cat=0.0247 | AUC A1=0.5092 A2=0.5176  (59s)
[field] det_elev:line:9                              P@40k A1=0.0031 (x0.312) A2=0.0155 (x0.203) cat=0.0186 | AUC A1=0.5164 A2=0.5183  (66s)
[field] det_elev:curv:1                              P@40k A1=0.0036 (x0.365) A2=0.0329 (x0.432) cat=0.0365 | AUC A1=0.5359 A2=0.5416  (71s)
[field] det_elev:curv:1.5                            P@40k A1=0.0021 (x0.211) A2=0.0227 (x0.298) cat=0.0248 | AUC A1=0.5379 A2=0.5414  (77s)
[field] det_elev:curv:2                              P@40k A1=0.0014 (x0.137) A2=0.0181 (x0.237) cat=0.0194 | AUC A1=0.5395 A2=0.5425  (82s)
[field] det_elev:curv:2.5                            P@40k A1=0.0011 (x0.109) A2=0.0148 (x0.194) cat=0.0158 | AUC A1=0.5386 A2=0.5432  (87s)
[field] det_elev:curv:3                              P@40k A1=0.0005 (x0.051) A2=0.0126 (x0.166) cat=0.0131 | AUC A1=0.5366 A2=0.5418  (93s)
[field] det_elev:curv:5                              P@40k A1=0.0000 (x0.0) A2=0.0119 (x0.156) cat=0.0119 | AUC A1=0.5143 A2=0.5358  (98s)
[field] det_elev:curv:9                              P@40k A1=0.0001 (x0.013) A2=0.0198 (x0.26) cat=0.0199 | AUC A1=0.4757 A2=0.5181  (103s)
[field] det_elev:scarp:1                             P@40k A1=0.0040 (x0.403) A2=0.0515 (x0.676) cat=0.0554 | AUC A1=0.5453 A2=0.5604  (111s)
[field] det_elev:scarp:1.5                           P@40k A1=0.0059 (x0.6) A2=0.0599 (x0.786) cat=0.0658 | AUC A1=0.5512 A2=0.5684  (122s)
[field] det_elev:scarp:2                             P@40k A1=0.0059 (x0.6) A2=0.0599 (x0.786) cat=0.0658 | AUC A1=0.5512 A2=0.5684  (132s)
[field] det_elev:scarp:2.5                           P@40k A1=0.0071 (x0.716) A2=0.0675 (x0.886) cat=0.0746 | AUC A1=0.5539 A2=0.5744  (145s)
[field] det_elev:scarp:3                             P@40k A1=0.0071 (x0.716) A2=0.0675 (x0.886) cat=0.0746 | AUC A1=0.5539 A2=0.5744  (157s)
[field] det_elev:scarp:5                             P@40k A1=0.0069 (x0.704) A2=0.0794 (x1.042) cat=0.0863 | AUC A1=0.5532 A2=0.5812  (175s)
[field] det_elev:scarp:9                             P@40k A1=0.0018 (x0.177) A2=0.0939 (x1.232) cat=0.0956 | AUC A1=0.5421 A2=0.5849  (201s)
[field] det_elev:openness:1                          P@40k A1=0.0097 (x0.979) A2=0.0658 (x0.864) cat=0.0755 | AUC A1=0.4504 A2=0.4396  (207s)
[field] det_elev:openness:1.5                        P@40k A1=0.0090 (x0.915) A2=0.0499 (x0.655) cat=0.0589 | AUC A1=0.4451 A2=0.4353  (213s)
[field] det_elev:openness:2                          P@40k A1=0.0090 (x0.915) A2=0.0499 (x0.655) cat=0.0589 | AUC A1=0.4451 A2=0.4353  (220s)
[field] det_elev:openness:2.5                        P@40k A1=0.0090 (x0.915) A2=0.0499 (x0.655) cat=0.0589 | AUC A1=0.4451 A2=0.4353  (226s)
[field] det_elev:openness:3                          P@40k A1=0.0078 (x0.79) A2=0.0445 (x0.584) cat=0.0523 | AUC A1=0.4417 A2=0.4324  (234s)
[field] det_elev:openness:5                          P@40k A1=0.0071 (x0.722) A2=0.0456 (x0.599) cat=0.0527 | AUC A1=0.4402 A2=0.4302  (243s)
[field] det_elev:openness:9                          P@40k A1=0.0083 (x0.844) A2=0.0703 (x0.922) cat=0.0786 | AUC A1=0.4432 A2=0.43  (255s)
[field] det_elev:tpi:1                               P@40k A1=0.0069 (x0.697) A2=0.0483 (x0.635) cat=0.0552 | AUC A1=0.4727 A2=0.4801  (260s)
[field] det_elev:tpi:1.5                             P@40k A1=0.0048 (x0.483) A2=0.0351 (x0.46) cat=0.0398 | AUC A1=0.4619 A2=0.4695  (265s)
[field] det_elev:tpi:2                               P@40k A1=0.0048 (x0.483) A2=0.0351 (x0.46) cat=0.0398 | AUC A1=0.4619 A2=0.4695  (270s)
[field] det_elev:tpi:2.5                             P@40k A1=0.0032 (x0.321) A2=0.0251 (x0.33) cat=0.0283 | AUC A1=0.4528 A2=0.4602  (275s)
[field] det_elev:tpi:3                               P@40k A1=0.0032 (x0.321) A2=0.0251 (x0.33) cat=0.0283 | AUC A1=0.4528 A2=0.4602  (280s)
[field] det_elev:tpi:5                               P@40k A1=0.0017 (x0.172) A2=0.0169 (x0.221) cat=0.0186 | AUC A1=0.4412 A2=0.4441  (285s)
[field] det_elev:tpi:9                               P@40k A1=0.0007 (x0.071) A2=0.0111 (x0.145) cat=0.0118 | AUC A1=0.4348 A2=0.425  (289s)
[field] det_elev:lrm:1                               P@40k A1=0.0034 (x0.347) A2=0.0433 (x0.568) cat=0.0467 | AUC A1=0.5387 A2=0.5528  (294s)
[field] det_elev:lrm:1.5                             P@40k A1=0.0040 (x0.405) A2=0.0423 (x0.556) cat=0.0464 | AUC A1=0.5425 A2=0.5574  (299s)
[field] det_elev:lrm:2                               P@40k A1=0.0040 (x0.405) A2=0.0423 (x0.556) cat=0.0464 | AUC A1=0.5425 A2=0.5574  (304s)
[field] det_elev:lrm:2.5                             P@40k A1=0.0036 (x0.363) A2=0.0375 (x0.493) cat=0.0411 | AUC A1=0.5447 A2=0.5611  (308s)
[field] det_elev:lrm:3                               P@40k A1=0.0036 (x0.363) A2=0.0375 (x0.493) cat=0.0411 | AUC A1=0.5447 A2=0.5611  (313s)
[field] det_elev:lrm:5                               P@40k A1=0.0006 (x0.058) A2=0.0255 (x0.335) cat=0.0261 | AUC A1=0.5435 A2=0.5655  (318s)
[field] det_elev:lrm:9                               P@40k A1=0.0004 (x0.041) A2=0.0316 (x0.415) cat=0.0320 | AUC A1=0.5353 A2=0.5682  (322s)
[field] det_elev:aniso:1                             P@40k A1=0.0083 (x0.844) A2=0.0553 (x0.725) cat=0.0636 | AUC A1=0.4882 A2=0.48  (329s)
[field] det_elev:aniso:1.5                           P@40k A1=0.0086 (x0.871) A2=0.0511 (x0.67) cat=0.0597 | AUC A1=0.4796 A2=0.4602  (334s)
[field] det_elev:aniso:2                             P@40k A1=0.0088 (x0.893) A2=0.0479 (x0.629) cat=0.0568 | AUC A1=0.4778 A2=0.4471  (340s)
[field] det_elev:aniso:2.5                           P@40k A1=0.0095 (x0.957) A2=0.0538 (x0.706) cat=0.0633 | AUC A1=0.4774 A2=0.4392  (346s)
[field] det_elev:aniso:3                             P@40k A1=0.0100 (x1.018) A2=0.0555 (x0.728) cat=0.0655 | AUC A1=0.4774 A2=0.4348  (352s)
[field] det_elev:aniso:5                             P@40k A1=0.0079 (x0.798) A2=0.0539 (x0.707) cat=0.0618 | AUC A1=0.4871 A2=0.433  (359s)
[field] det_elev:aniso:9                             P@40k A1=0.0081 (x0.823) A2=0.0573 (x0.752) cat=0.0654 | AUC A1=0.5209 A2=0.4481  (366s)
[field] det_elev:aspect_var:1                        P@40k A1=0.0087 (x0.884) A2=0.0566 (x0.743) cat=0.0653 | AUC A1=0.49 A2=0.4711  (371s)
[field] det_elev:aspect_var:1.5                      P@40k A1=0.0084 (x0.856) A2=0.0547 (x0.718) cat=0.0631 | AUC A1=0.49 A2=0.4639  (377s)
[field] det_elev:aspect_var:2                        P@40k A1=0.0089 (x0.905) A2=0.0533 (x0.7) cat=0.0622 | AUC A1=0.4917 A2=0.4588  (382s)
[field] det_elev:aspect_var:2.5                      P@40k A1=0.0100 (x1.018) A2=0.0541 (x0.711) cat=0.0642 | AUC A1=0.4942 A2=0.4549  (387s)
[field] det_elev:aspect_var:3                        P@40k A1=0.0101 (x1.021) A2=0.0558 (x0.732) cat=0.0659 | AUC A1=0.497 A2=0.4521  (393s)
[field] det_elev:aspect_var:5                        P@40k A1=0.0101 (x1.028) A2=0.0519 (x0.681) cat=0.0621 | AUC A1=0.5066 A2=0.4468  (398s)
[field] det_elev:aspect_var:9                        P@40k A1=0.0081 (x0.82) A2=0.0662 (x0.868) cat=0.0742 | AUC A1=0.5143 A2=0.4472  (404s)
[field] det_elev:slope_var:1                         P@40k A1=0.0057 (x0.582) A2=0.0550 (x0.722) cat=0.0607 | AUC A1=0.5482 A2=0.5536  (409s)
[field] det_elev:slope_var:1.5                       P@40k A1=0.0073 (x0.741) A2=0.0837 (x1.099) cat=0.0910 | AUC A1=0.5544 A2=0.5593  (414s)
[field] det_elev:slope_var:2                         P@40k A1=0.0073 (x0.741) A2=0.0837 (x1.099) cat=0.0910 | AUC A1=0.5544 A2=0.5593  (419s)
[field] det_elev:slope_var:2.5                       P@40k A1=0.0077 (x0.785) A2=0.0969 (x1.272) cat=0.1047 | AUC A1=0.558 A2=0.5637  (424s)
[field] det_elev:slope_var:3                         P@40k A1=0.0077 (x0.785) A2=0.0969 (x1.272) cat=0.1047 | AUC A1=0.558 A2=0.5637  (429s)
[field] det_elev:slope_var:5                         P@40k A1=0.0057 (x0.58) A2=0.0983 (x1.289) cat=0.1040 | AUC A1=0.5586 A2=0.5685  (434s)
[field] det_elev:slope_var:9                         P@40k A1=0.0053 (x0.535) A2=0.0782 (x1.026) cat=0.0834 | AUC A1=0.5507 A2=0.5701  (438s)
[field] det_elev:detrend:1                           P@40k A1=0.0069 (x0.699) A2=0.0527 (x0.692) cat=0.0596 | AUC A1=0.5397 A2=0.5526  (443s)
[field] det_elev:detrend:1.5                         P@40k A1=0.0049 (x0.493) A2=0.0459 (x0.602) cat=0.0508 | AUC A1=0.543 A2=0.5561  (449s)
[field] det_elev:detrend:2                           P@40k A1=0.0043 (x0.441) A2=0.0467 (x0.614) cat=0.0511 | AUC A1=0.5432 A2=0.5571  (454s)
[field] det_elev:detrend:2.5                         P@40k A1=0.0029 (x0.299) A2=0.0414 (x0.543) cat=0.0443 | AUC A1=0.5452 A2=0.5592  (460s)
[field] det_elev:detrend:3                           P@40k A1=0.0029 (x0.297) A2=0.0412 (x0.54) cat=0.0441 | AUC A1=0.5449 A2=0.5596  (465s)
[field] det_elev:detrend:5                           P@40k A1=0.0017 (x0.17) A2=0.0330 (x0.432) cat=0.0346 | AUC A1=0.5446 A2=0.5633  (471s)
[field] det_elev:detrend:9                           P@40k A1=0.0006 (x0.058) A2=0.0237 (x0.311) cat=0.0243 | AUC A1=0.5347 A2=0.5634  (477s)
[field] det_elev_slope:line:1                        P@40k A1=0.0110 (x1.117) A2=0.0818 (x1.074) cat=0.0929 | AUC A1=0.509 A2=0.5076  (483s)
[field] det_elev_slope:line:1.5                      P@40k A1=0.0130 (x1.32) A2=0.0933 (x1.224) cat=0.1063 | AUC A1=0.5121 A2=0.5063  (489s)
[field] det_elev_slope:line:2                        P@40k A1=0.0135 (x1.365) A2=0.0935 (x1.227) cat=0.1070 | AUC A1=0.5137 A2=0.5075  (495s)
[field] det_elev_slope:line:2.5                      P@40k A1=0.0140 (x1.418) A2=0.0932 (x1.224) cat=0.1072 | AUC A1=0.5168 A2=0.5092  (500s)
[field] det_elev_slope:line:3                        P@40k A1=0.0127 (x1.284) A2=0.0938 (x1.23) cat=0.1064 | AUC A1=0.5164 A2=0.5102  (506s)
[field] det_elev_slope:line:5                        P@40k A1=0.0092 (x0.927) A2=0.0866 (x1.137) cat=0.0958 | AUC A1=0.5156 A2=0.5076  (512s)
[field] det_elev_slope:line:9                        P@40k A1=0.0062 (x0.625) A2=0.0779 (x1.023) cat=0.0841 | AUC A1=0.4987 A2=0.4988  (519s)
[field] det_elev_slope:curv:1                        P@40k A1=0.0105 (x1.064) A2=0.0818 (x1.074) cat=0.0923 | AUC A1=0.5558 A2=0.5614  (524s)
[field] det_elev_slope:curv:1.5                      P@40k A1=0.0125 (x1.268) A2=0.0990 (x1.299) cat=0.1115 | AUC A1=0.5662 A2=0.57  (529s)
[field] det_elev_slope:curv:2                        P@40k A1=0.0145 (x1.467) A2=0.1080 (x1.417) cat=0.1224 | AUC A1=0.568 A2=0.5716  (534s)
[field] det_elev_slope:curv:2.5                      P@40k A1=0.0175 (x1.778) A2=0.1154 (x1.515) cat=0.1330 | AUC A1=0.5667 A2=0.571  (540s)
[field] det_elev_slope:curv:3                        P@40k A1=0.0192 (x1.945) A2=0.1182 (x1.551) cat=0.1374 | AUC A1=0.5635 A2=0.5677  (546s)
[field] det_elev_slope:curv:5                        P@40k A1=0.0182 (x1.843) A2=0.0999 (x1.311) cat=0.1181 | AUC A1=0.5427 A2=0.5502  (551s)
[field] det_elev_slope:curv:9                        P@40k A1=0.0070 (x0.714) A2=0.0450 (x0.591) cat=0.0521 | AUC A1=0.5111 A2=0.5222  (556s)
[field] det_elev_slope:scarp:1                       P@40k A1=0.0133 (x1.347) A2=0.1289 (x1.691) cat=0.1422 | AUC A1=0.5589 A2=0.5678  (564s)
[field] det_elev_slope:scarp:1.5                     P@40k A1=0.0214 (x2.17) A2=0.2253 (x2.957) cat=0.2467 | AUC A1=0.5778 A2=0.5862  (574s)
[field] det_elev_slope:scarp:2                       P@40k A1=0.0214 (x2.17) A2=0.2253 (x2.957) cat=0.2467 | AUC A1=0.5778 A2=0.5862  (584s)
[field] det_elev_slope:scarp:2.5                     P@40k A1=0.0279 (x2.831) A2=0.3105 (x4.076) cat=0.3385 | AUC A1=0.5897 A2=0.5996  (597s)
[field] det_elev_slope:scarp:3                       P@40k A1=0.0279 (x2.831) A2=0.3105 (x4.076) cat=0.3385 | AUC A1=0.5897 A2=0.5996  (609s)
[field] det_elev_slope:scarp:5                       P@40k A1=0.0321 (x3.256) A2=0.4290 (x5.63) cat=0.4611 | AUC A1=0.5987 A2=0.6124  (626s)
[field] det_elev_slope:scarp:9                       P@40k A1=0.0249 (x2.517) A2=0.4800 (x6.3) cat=0.5049 | AUC A1=0.595 A2=0.619  (653s)
[field] det_elev_slope:openness:1                    P@40k A1=0.0097 (x0.977) A2=0.0794 (x1.041) cat=0.0890 | AUC A1=0.4481 A2=0.4409  (659s)
[field] det_elev_slope:openness:1.5                  P@40k A1=0.0100 (x1.008) A2=0.0825 (x1.083) cat=0.0925 | AUC A1=0.4376 A2=0.4296  (665s)
[field] det_elev_slope:openness:2                    P@40k A1=0.0100 (x1.008) A2=0.0825 (x1.083) cat=0.0925 | AUC A1=0.4376 A2=0.4296  (672s)
[field] det_elev_slope:openness:2.5                  P@40k A1=0.0100 (x1.008) A2=0.0825 (x1.083) cat=0.0925 | AUC A1=0.4376 A2=0.4296  (679s)
[field] det_elev_slope:openness:3                    P@40k A1=0.0101 (x1.026) A2=0.0818 (x1.073) cat=0.0919 | AUC A1=0.4333 A2=0.4247  (687s)
[field] det_elev_slope:openness:5                    P@40k A1=0.0104 (x1.058) A2=0.0789 (x1.036) cat=0.0894 | AUC A1=0.4318 A2=0.422  (697s)
[field] det_elev_slope:openness:9                    P@40k A1=0.0081 (x0.823) A2=0.0702 (x0.921) cat=0.0783 | AUC A1=0.4336 A2=0.4222  (710s)
[field] det_elev_slope:tpi:1                         P@40k A1=0.0101 (x1.021) A2=0.0794 (x1.042) cat=0.0895 | AUC A1=0.4876 A2=0.4867  (715s)
[field] det_elev_slope:tpi:1.5                       P@40k A1=0.0120 (x1.212) A2=0.0914 (x1.2) cat=0.1034 | AUC A1=0.483 A2=0.4809  (721s)
[field] det_elev_slope:tpi:2                         P@40k A1=0.0120 (x1.212) A2=0.0914 (x1.2) cat=0.1034 | AUC A1=0.483 A2=0.4809  (726s)
[field] det_elev_slope:tpi:2.5                       P@40k A1=0.0131 (x1.327) A2=0.0984 (x1.291) cat=0.1115 | AUC A1=0.4823 A2=0.4786  (731s)
[field] det_elev_slope:tpi:3                         P@40k A1=0.0131 (x1.327) A2=0.0984 (x1.291) cat=0.1115 | AUC A1=0.4823 A2=0.4786  (736s)
[field] det_elev_slope:tpi:5                         P@40k A1=0.0146 (x1.479) A2=0.1083 (x1.421) cat=0.1229 | AUC A1=0.4849 A2=0.4786  (740s)
[field] det_elev_slope:tpi:9                         P@40k A1=0.0163 (x1.646) A2=0.1152 (x1.511) cat=0.1314 | AUC A1=0.4923 A2=0.4798  (745s)
[field] det_elev_slope:lrm:1                         P@40k A1=0.0092 (x0.937) A2=0.0741 (x0.973) cat=0.0834 | AUC A1=0.548 A2=0.5585  (750s)
[field] det_elev_slope:lrm:1.5                       P@40k A1=0.0086 (x0.871) A2=0.0949 (x1.246) cat=0.1035 | AUC A1=0.5552 A2=0.5654  (755s)
[field] det_elev_slope:lrm:2                         P@40k A1=0.0086 (x0.871) A2=0.0949 (x1.246) cat=0.1035 | AUC A1=0.5552 A2=0.5654  (760s)
[field] det_elev_slope:lrm:2.5                       P@40k A1=0.0078 (x0.793) A2=0.1133 (x1.487) cat=0.1211 | AUC A1=0.5594 A2=0.5702  (764s)
[field] det_elev_slope:lrm:3                         P@40k A1=0.0078 (x0.793) A2=0.1133 (x1.487) cat=0.1211 | AUC A1=0.5594 A2=0.5702  (769s)
[field] det_elev_slope:lrm:5                         P@40k A1=0.0090 (x0.915) A2=0.1182 (x1.552) cat=0.1273 | AUC A1=0.5592 A2=0.573  (774s)
[field] det_elev_slope:lrm:9                         P@40k A1=0.0096 (x0.97) A2=0.0964 (x1.265) cat=0.1059 | AUC A1=0.5489 A2=0.5718  (778s)
[field] det_elev_slope:aniso:1                       P@40k A1=0.0083 (x0.844) A2=0.0651 (x0.855) cat=0.0735 | AUC A1=0.4503 A2=0.4534  (783s)
[field] det_elev_slope:aniso:1.5                     P@40k A1=0.0067 (x0.684) A2=0.0607 (x0.797) cat=0.0675 | AUC A1=0.4434 A2=0.4398  (789s)
[field] det_elev_slope:aniso:2                       P@40k A1=0.0071 (x0.719) A2=0.0602 (x0.79) cat=0.0673 | AUC A1=0.4451 A2=0.4327  (795s)
[field] det_elev_slope:aniso:2.5                     P@40k A1=0.0078 (x0.787) A2=0.0552 (x0.725) cat=0.0630 | AUC A1=0.4516 A2=0.4281  (801s)
[field] det_elev_slope:aniso:3                       P@40k A1=0.0073 (x0.737) A2=0.0558 (x0.732) cat=0.0630 | AUC A1=0.4622 A2=0.4264  (808s)
[field] det_elev_slope:aniso:5                       P@40k A1=0.0097 (x0.985) A2=0.0518 (x0.68) cat=0.0615 | AUC A1=0.4958 A2=0.4352  (815s)
[field] det_elev_slope:aniso:9                       P@40k A1=0.0092 (x0.932) A2=0.0641 (x0.841) cat=0.0733 | AUC A1=0.5168 A2=0.464  (822s)
[field] det_elev_slope:aspect_var:1                  P@40k A1=0.0076 (x0.768) A2=0.0639 (x0.839) cat=0.0715 | AUC A1=0.4418 A2=0.4461  (828s)
[field] det_elev_slope:aspect_var:1.5                P@40k A1=0.0077 (x0.78) A2=0.0623 (x0.817) cat=0.0700 | AUC A1=0.436 A2=0.4386  (834s)
[field] det_elev_slope:aspect_var:2                  P@40k A1=0.0076 (x0.772) A2=0.0589 (x0.773) cat=0.0665 | AUC A1=0.4326 A2=0.4318  (840s)
[field] det_elev_slope:aspect_var:2.5                P@40k A1=0.0076 (x0.77) A2=0.0587 (x0.77) cat=0.0663 | AUC A1=0.4308 A2=0.4259  (845s)
[field] det_elev_slope:aspect_var:3                  P@40k A1=0.0076 (x0.77) A2=0.0575 (x0.755) cat=0.0651 | AUC A1=0.4302 A2=0.4212  (851s)
[field] det_elev_slope:aspect_var:5                  P@40k A1=0.0077 (x0.783) A2=0.0596 (x0.782) cat=0.0673 | AUC A1=0.4357 A2=0.4138  (857s)
[field] det_elev_slope:aspect_var:9                  P@40k A1=0.0059 (x0.593) A2=0.0573 (x0.752) cat=0.0632 | AUC A1=0.4468 A2=0.4219  (863s)
[field] det_elev_slope:slope_var:1                   P@40k A1=0.0113 (x1.143) A2=0.1319 (x1.731) cat=0.1432 | AUC A1=0.5663 A2=0.5734  (868s)
[field] det_elev_slope:slope_var:1.5                 P@40k A1=0.0140 (x1.418) A2=0.1636 (x2.147) cat=0.1776 | AUC A1=0.5723 A2=0.5803  (873s)
[field] det_elev_slope:slope_var:2                   P@40k A1=0.0140 (x1.418) A2=0.1636 (x2.147) cat=0.1776 | AUC A1=0.5723 A2=0.5803  (879s)
[field] det_elev_slope:slope_var:2.5                 P@40k A1=0.0143 (x1.454) A2=0.1743 (x2.287) cat=0.1886 | AUC A1=0.5739 A2=0.5829  (884s)
[field] det_elev_slope:slope_var:3                   P@40k A1=0.0143 (x1.454) A2=0.1743 (x2.287) cat=0.1886 | AUC A1=0.5739 A2=0.5829  (889s)
[field] det_elev_slope:slope_var:5                   P@40k A1=0.0142 (x1.436) A2=0.1665 (x2.186) cat=0.1807 | AUC A1=0.5711 A2=0.5833  (893s)
[field] det_elev_slope:slope_var:9                   P@40k A1=0.0125 (x1.263) A2=0.1484 (x1.947) cat=0.1608 | AUC A1=0.562 A2=0.5797  (898s)
[field] det_elev_slope:detrend:1                     P@40k A1=0.0114 (x1.157) A2=0.1021 (x1.34) cat=0.1135 | AUC A1=0.5544 A2=0.5633  (903s)
[field] det_elev_slope:detrend:1.5                   P@40k A1=0.0142 (x1.436) A2=0.1382 (x1.814) cat=0.1524 | AUC A1=0.5624 A2=0.5714  (908s)
[field] det_elev_slope:detrend:2                     P@40k A1=0.0150 (x1.519) A2=0.1451 (x1.904) cat=0.1601 | AUC A1=0.5626 A2=0.5721  (914s)
[field] det_elev_slope:detrend:2.5                   P@40k A1=0.0169 (x1.714) A2=0.1635 (x2.146) cat=0.1804 | AUC A1=0.5664 A2=0.5769  (919s)
[field] det_elev_slope:detrend:3                     P@40k A1=0.0168 (x1.704) A2=0.1643 (x2.157) cat=0.1812 | AUC A1=0.5659 A2=0.5769  (925s)
[field] det_elev_slope:detrend:5                     P@40k A1=0.0172 (x1.745) A2=0.1676 (x2.2) cat=0.1848 | AUC A1=0.5642 A2=0.5779  (931s)
[field] det_elev_slope:detrend:9                     P@40k A1=0.0174 (x1.76) A2=0.1522 (x1.998) cat=0.1696 | AUC A1=0.5572 A2=0.5713  (937s)
[field] tmi_hg:line:1                                P@40k A1=0.0128 (x1.293) A2=0.0780 (x1.024) cat=0.0908 | AUC A1=0.4999 A2=0.4951  (943s)
[field] tmi_hg:line:1.5                              P@40k A1=0.0125 (x1.268) A2=0.0792 (x1.039) cat=0.0917 | AUC A1=0.4986 A2=0.4968  (949s)
[field] tmi_hg:line:2                                P@40k A1=0.0132 (x1.332) A2=0.0789 (x1.036) cat=0.0921 | AUC A1=0.5031 A2=0.4985  (955s)
[field] tmi_hg:line:2.5                              P@40k A1=0.0129 (x1.302) A2=0.0781 (x1.025) cat=0.0910 | AUC A1=0.5038 A2=0.5019  (960s)
[field] tmi_hg:line:3                                P@40k A1=0.0138 (x1.396) A2=0.0795 (x1.043) cat=0.0932 | AUC A1=0.5053 A2=0.5023  (966s)
[field] tmi_hg:line:5                                P@40k A1=0.0126 (x1.279) A2=0.0718 (x0.942) cat=0.0844 | AUC A1=0.4923 A2=0.5052  (972s)
[field] tmi_hg:line:9                                P@40k A1=0.0123 (x1.248) A2=0.0720 (x0.945) cat=0.0843 | AUC A1=0.4822 A2=0.4994  (979s)
[field] tmi_hg:curv:1                                P@40k A1=0.0146 (x1.479) A2=0.0825 (x1.083) cat=0.0971 | AUC A1=0.5159 A2=0.5249  (984s)
[field] tmi_hg:curv:1.5                              P@40k A1=0.0157 (x1.592) A2=0.0829 (x1.088) cat=0.0987 | AUC A1=0.5142 A2=0.525  (989s)
[field] tmi_hg:curv:2                                P@40k A1=0.0165 (x1.669) A2=0.0787 (x1.033) cat=0.0952 | AUC A1=0.5152 A2=0.5265  (994s)
[field] tmi_hg:curv:2.5                              P@40k A1=0.0170 (x1.722) A2=0.0745 (x0.978) cat=0.0915 | AUC A1=0.5162 A2=0.5263  (1000s)
[field] tmi_hg:curv:3                                P@40k A1=0.0173 (x1.755) A2=0.0739 (x0.97) cat=0.0912 | AUC A1=0.5166 A2=0.5255  (1005s)
[field] tmi_hg:curv:5                                P@40k A1=0.0125 (x1.268) A2=0.0793 (x1.04) cat=0.0918 | AUC A1=0.5176 A2=0.5188  (1010s)
[field] tmi_hg:curv:9                                P@40k A1=0.0115 (x1.16) A2=0.0649 (x0.852) cat=0.0763 | AUC A1=0.5113 A2=0.5137  (1016s)
[field] tmi_hg:scarp:1                               P@40k A1=0.0148 (x1.499) A2=0.0806 (x1.058) cat=0.0954 | AUC A1=0.5177 A2=0.53  (1024s)
[field] tmi_hg:scarp:1.5                             P@40k A1=0.0161 (x1.631) A2=0.0769 (x1.01) cat=0.0930 | AUC A1=0.5188 A2=0.5303  (1034s)
[field] tmi_hg:scarp:2                               P@40k A1=0.0161 (x1.631) A2=0.0769 (x1.01) cat=0.0930 | AUC A1=0.5188 A2=0.5303  (1044s)
[field] tmi_hg:scarp:2.5                             P@40k A1=0.0181 (x1.833) A2=0.0750 (x0.984) cat=0.0930 | AUC A1=0.5197 A2=0.53  (1057s)
[field] tmi_hg:scarp:3                               P@40k A1=0.0181 (x1.833) A2=0.0750 (x0.984) cat=0.0930 | AUC A1=0.5197 A2=0.53  (1070s)
[field] tmi_hg:scarp:5                               P@40k A1=0.0187 (x1.894) A2=0.0703 (x0.922) cat=0.0890 | AUC A1=0.5207 A2=0.5288  (1087s)
[field] tmi_hg:scarp:9                               P@40k A1=0.0118 (x1.193) A2=0.0707 (x0.928) cat=0.0824 | AUC A1=0.5191 A2=0.5264  (1115s)
[field] tmi_hg:openness:1                            P@40k A1=0.0106 (x1.071) A2=0.0780 (x1.024) cat=0.0886 | AUC A1=0.4828 A2=0.4725  (1121s)
[field] tmi_hg:openness:1.5                          P@40k A1=0.0099 (x1.003) A2=0.0800 (x1.05) cat=0.0899 | AUC A1=0.4815 A2=0.4724  (1127s)
[field] tmi_hg:openness:2                            P@40k A1=0.0099 (x1.003) A2=0.0800 (x1.05) cat=0.0899 | AUC A1=0.4815 A2=0.4724  (1134s)
[field] tmi_hg:openness:2.5                          P@40k A1=0.0099 (x1.003) A2=0.0800 (x1.05) cat=0.0899 | AUC A1=0.4815 A2=0.4724  (1141s)
[field] tmi_hg:openness:3                            P@40k A1=0.0097 (x0.979) A2=0.0795 (x1.044) cat=0.0892 | AUC A1=0.4809 A2=0.4728  (1148s)
[field] tmi_hg:openness:5                            P@40k A1=0.0089 (x0.905) A2=0.0725 (x0.952) cat=0.0814 | AUC A1=0.4806 A2=0.474  (1158s)
[field] tmi_hg:openness:9                            P@40k A1=0.0067 (x0.684) A2=0.0726 (x0.953) cat=0.0794 | AUC A1=0.4803 A2=0.4757  (1172s)
[field] tmi_hg:tpi:1                                 P@40k A1=0.0137 (x1.383) A2=0.0780 (x1.024) cat=0.0917 | AUC A1=0.5011 A2=0.5048  (1177s)
[field] tmi_hg:tpi:1.5                               P@40k A1=0.0140 (x1.423) A2=0.0812 (x1.066) cat=0.0953 | AUC A1=0.4995 A2=0.5036  (1181s)
[field] tmi_hg:tpi:2                                 P@40k A1=0.0140 (x1.423) A2=0.0812 (x1.066) cat=0.0953 | AUC A1=0.4995 A2=0.5036  (1186s)
[field] tmi_hg:tpi:2.5                               P@40k A1=0.0147 (x1.487) A2=0.0839 (x1.102) cat=0.0986 | AUC A1=0.5 A2=0.5036  (1191s)
[field] tmi_hg:tpi:3                                 P@40k A1=0.0147 (x1.487) A2=0.0839 (x1.102) cat=0.0986 | AUC A1=0.5 A2=0.5036  (1196s)
[field] tmi_hg:tpi:5                                 P@40k A1=0.0142 (x1.436) A2=0.0811 (x1.064) cat=0.0953 | AUC A1=0.501 A2=0.5056  (1201s)
[field] tmi_hg:tpi:9                                 P@40k A1=0.0135 (x1.37) A2=0.0795 (x1.044) cat=0.0931 | AUC A1=0.503 A2=0.5072  (1206s)
[field] tmi_hg:lrm:1                                 P@40k A1=0.0146 (x1.479) A2=0.0776 (x1.018) cat=0.0922 | AUC A1=0.5179 A2=0.5302  (1210s)
[field] tmi_hg:lrm:1.5                               P@40k A1=0.0155 (x1.567) A2=0.0756 (x0.992) cat=0.0911 | AUC A1=0.5184 A2=0.5303  (1215s)
[field] tmi_hg:lrm:2                                 P@40k A1=0.0155 (x1.567) A2=0.0756 (x0.992) cat=0.0911 | AUC A1=0.5184 A2=0.5303  (1220s)
[field] tmi_hg:lrm:2.5                               P@40k A1=0.0188 (x1.909) A2=0.0705 (x0.926) cat=0.0894 | AUC A1=0.5184 A2=0.5299  (1225s)
[field] tmi_hg:lrm:3                                 P@40k A1=0.0188 (x1.909) A2=0.0705 (x0.926) cat=0.0894 | AUC A1=0.5184 A2=0.5299  (1230s)
[field] tmi_hg:lrm:5                                 P@40k A1=0.0220 (x2.223) A2=0.0717 (x0.94) cat=0.0936 | AUC A1=0.5184 A2=0.5276  (1235s)
[field] tmi_hg:lrm:9                                 P@40k A1=0.0134 (x1.352) A2=0.0755 (x0.991) cat=0.0889 | AUC A1=0.5162 A2=0.524  (1239s)
[field] tmi_hg:aniso:1                               P@40k A1=0.0101 (x1.021) A2=0.0739 (x0.97) cat=0.0840 | AUC A1=0.4965 A2=0.4954  (1245s)
[field] tmi_hg:aniso:1.5                             P@40k A1=0.0095 (x0.962) A2=0.0753 (x0.988) cat=0.0848 | AUC A1=0.494 A2=0.4937  (1251s)
[field] tmi_hg:aniso:2                               P@40k A1=0.0092 (x0.93) A2=0.0732 (x0.961) cat=0.0824 | AUC A1=0.4954 A2=0.4934  (1257s)
[field] tmi_hg:aniso:2.5                             P@40k A1=0.0103 (x1.043) A2=0.0737 (x0.968) cat=0.0840 | AUC A1=0.499 A2=0.4942  (1263s)
[field] tmi_hg:aniso:3                               P@40k A1=0.0105 (x1.061) A2=0.0717 (x0.941) cat=0.0822 | AUC A1=0.5022 A2=0.4943  (1269s)
[field] tmi_hg:aniso:5                               P@40k A1=0.0109 (x1.107) A2=0.0732 (x0.96) cat=0.0841 | AUC A1=0.5012 A2=0.493  (1276s)
[field] tmi_hg:aniso:9                               P@40k A1=0.0132 (x1.337) A2=0.0750 (x0.984) cat=0.0882 | AUC A1=0.5136 A2=0.4882  (1283s)
[field] tmi_hg:aspect_var:1                          P@40k A1=0.0101 (x1.023) A2=0.0761 (x0.998) cat=0.0862 | AUC A1=0.4987 A2=0.5072  (1289s)
[field] tmi_hg:aspect_var:1.5                        P@40k A1=0.0098 (x0.993) A2=0.0799 (x1.049) cat=0.0897 | AUC A1=0.4976 A2=0.509  (1295s)
[field] tmi_hg:aspect_var:2                          P@40k A1=0.0097 (x0.988) A2=0.0803 (x1.054) cat=0.0901 | AUC A1=0.4963 A2=0.5105  (1301s)
[field] tmi_hg:aspect_var:2.5                        P@40k A1=0.0097 (x0.985) A2=0.0801 (x1.051) cat=0.0898 | AUC A1=0.4951 A2=0.5116  (1306s)
[field] tmi_hg:aspect_var:3                          P@40k A1=0.0092 (x0.93) A2=0.0809 (x1.062) cat=0.0901 | AUC A1=0.4939 A2=0.512  (1312s)
[field] tmi_hg:aspect_var:5                          P@40k A1=0.0100 (x1.018) A2=0.0761 (x0.999) cat=0.0862 | AUC A1=0.4892 A2=0.5092  (1318s)
[field] tmi_hg:aspect_var:9                          P@40k A1=0.0102 (x1.031) A2=0.0747 (x0.98) cat=0.0849 | AUC A1=0.4928 A2=0.4997  (1324s)
[field] tmi_hg:slope_var:1                           P@40k A1=0.0147 (x1.492) A2=0.0832 (x1.091) cat=0.0979 | AUC A1=0.5194 A2=0.5285  (1329s)
[field] tmi_hg:slope_var:1.5                         P@40k A1=0.0161 (x1.634) A2=0.0807 (x1.059) cat=0.0968 | AUC A1=0.52 A2=0.529  (1334s)
[field] tmi_hg:slope_var:2                           P@40k A1=0.0161 (x1.634) A2=0.0807 (x1.059) cat=0.0968 | AUC A1=0.52 A2=0.529  (1339s)
[field] tmi_hg:slope_var:2.5                         P@40k A1=0.0176 (x1.783) A2=0.0798 (x1.047) cat=0.0974 | AUC A1=0.5195 A2=0.5282  (1343s)
[field] tmi_hg:slope_var:3                           P@40k A1=0.0176 (x1.783) A2=0.0798 (x1.047) cat=0.0974 | AUC A1=0.5195 A2=0.5282  (1348s)
[field] tmi_hg:slope_var:5                           P@40k A1=0.0187 (x1.896) A2=0.0732 (x0.961) cat=0.0919 | AUC A1=0.5188 A2=0.5261  (1352s)
[field] tmi_hg:slope_var:9                           P@40k A1=0.0173 (x1.749) A2=0.0652 (x0.856) cat=0.0825 | AUC A1=0.5173 A2=0.5233  (1357s)
[field] tmi_hg:detrend:1                             P@40k A1=0.0149 (x1.504) A2=0.0792 (x1.039) cat=0.0940 | AUC A1=0.518 A2=0.5263  (1362s)
[field] tmi_hg:detrend:1.5                           P@40k A1=0.0167 (x1.695) A2=0.0775 (x1.017) cat=0.0942 | AUC A1=0.5186 A2=0.5266  (1368s)
[field] tmi_hg:detrend:2                             P@40k A1=0.0169 (x1.712) A2=0.0774 (x1.016) cat=0.0943 | AUC A1=0.5188 A2=0.5263  (1373s)
[field] tmi_hg:detrend:2.5                           P@40k A1=0.0166 (x1.684) A2=0.0775 (x1.018) cat=0.0942 | AUC A1=0.5185 A2=0.527  (1378s)
[field] tmi_hg:detrend:3                             P@40k A1=0.0164 (x1.663) A2=0.0777 (x1.019) cat=0.0941 | AUC A1=0.5186 A2=0.5269  (1384s)
[field] tmi_hg:detrend:5                             P@40k A1=0.0166 (x1.678) A2=0.0775 (x1.017) cat=0.0941 | AUC A1=0.5167 A2=0.5277  (1389s)
[field] tmi_hg:detrend:9                             P@40k A1=0.0154 (x1.56) A2=0.0757 (x0.994) cat=0.0911 | AUC A1=0.5162 A2=0.5271  (1395s)
[field] mag_anom:line:1                              P@40k A1=0.0106 (x1.071) A2=0.0740 (x0.971) cat=0.0846 | AUC A1=0.4974 A2=0.5036  (1400s)
[field] mag_anom:line:1.5                            P@40k A1=0.0104 (x1.056) A2=0.0725 (x0.952) cat=0.0829 | AUC A1=0.5028 A2=0.4968  (1405s)
[field] mag_anom:line:2                              P@40k A1=0.0093 (x0.944) A2=0.0677 (x0.889) cat=0.0770 | AUC A1=0.5044 A2=0.4941  (1411s)
[field] mag_anom:line:2.5                            P@40k A1=0.0070 (x0.709) A2=0.0658 (x0.863) cat=0.0727 | AUC A1=0.5056 A2=0.4941  (1416s)
[field] mag_anom:line:3                              P@40k A1=0.0060 (x0.603) A2=0.0667 (x0.875) cat=0.0726 | AUC A1=0.5062 A2=0.4951  (1422s)
[field] mag_anom:line:5                              P@40k A1=0.0060 (x0.603) A2=0.0659 (x0.864) cat=0.0718 | AUC A1=0.5003 A2=0.4966  (1428s)
[field] mag_anom:line:9                              P@40k A1=0.0042 (x0.422) A2=0.0637 (x0.836) cat=0.0679 | AUC A1=0.5038 A2=0.4959  (1434s)
[field] mag_anom:curv:1                              P@40k A1=0.0100 (x1.015) A2=0.0743 (x0.976) cat=0.0843 | AUC A1=0.5118 A2=0.5132  (1439s)
[field] mag_anom:curv:1.5                            P@40k A1=0.0091 (x0.922) A2=0.0796 (x1.045) cat=0.0887 | AUC A1=0.5141 A2=0.5195  (1444s)
[field] mag_anom:curv:2                              P@40k A1=0.0087 (x0.884) A2=0.0819 (x1.074) cat=0.0906 | AUC A1=0.5144 A2=0.5244  (1450s)
[field] mag_anom:curv:2.5                            P@40k A1=0.0082 (x0.828) A2=0.0795 (x1.043) cat=0.0876 | AUC A1=0.5151 A2=0.5272  (1456s)
[field] mag_anom:curv:3                              P@40k A1=0.0083 (x0.844) A2=0.0781 (x1.025) cat=0.0864 | AUC A1=0.5162 A2=0.5285  (1461s)
[field] mag_anom:curv:5                              P@40k A1=0.0079 (x0.802) A2=0.0810 (x1.064) cat=0.0890 | AUC A1=0.5171 A2=0.5309  (1467s)
[field] mag_anom:curv:9                              P@40k A1=0.0076 (x0.775) A2=0.0585 (x0.768) cat=0.0662 | AUC A1=0.5239 A2=0.5327  (1473s)
[field] mag_anom:scarp:1                             P@40k A1=0.0039 (x0.397) A2=0.0529 (x0.694) cat=0.0568 | AUC A1=0.5243 A2=0.5345  (1481s)
[field] mag_anom:scarp:1.5                           P@40k A1=0.0043 (x0.436) A2=0.0546 (x0.716) cat=0.0589 | AUC A1=0.5249 A2=0.5353  (1492s)
[field] mag_anom:scarp:2                             P@40k A1=0.0043 (x0.436) A2=0.0546 (x0.716) cat=0.0589 | AUC A1=0.5249 A2=0.5353  (1503s)
[field] mag_anom:scarp:2.5                           P@40k A1=0.0048 (x0.483) A2=0.0573 (x0.752) cat=0.0621 | AUC A1=0.5253 A2=0.5361  (1516s)
[field] mag_anom:scarp:3                             P@40k A1=0.0048 (x0.483) A2=0.0573 (x0.752) cat=0.0621 | AUC A1=0.5253 A2=0.5361  (1529s)
[field] mag_anom:scarp:5                             P@40k A1=0.0054 (x0.544) A2=0.0572 (x0.751) cat=0.0626 | AUC A1=0.5253 A2=0.5376  (1549s)
[field] mag_anom:scarp:9                             P@40k A1=0.0052 (x0.524) A2=0.0491 (x0.645) cat=0.0543 | AUC A1=0.5233 A2=0.5398  (1578s)
[field] mag_anom:openness:1                          P@40k A1=0.0111 (x1.124) A2=0.0592 (x0.776) cat=0.0703 | AUC A1=0.4745 A2=0.4635  (1583s)
[field] mag_anom:openness:1.5                        P@40k A1=0.0118 (x1.19) A2=0.0592 (x0.776) cat=0.0709 | AUC A1=0.4749 A2=0.4629  (1590s)
[field] mag_anom:openness:2                          P@40k A1=0.0118 (x1.19) A2=0.0592 (x0.776) cat=0.0709 | AUC A1=0.4749 A2=0.4629  (1597s)
[field] mag_anom:openness:2.5                        P@40k A1=0.0118 (x1.19) A2=0.0592 (x0.776) cat=0.0709 | AUC A1=0.4749 A2=0.4629  (1603s)
[field] mag_anom:openness:3                          P@40k A1=0.0121 (x1.224) A2=0.0594 (x0.78) cat=0.0715 | AUC A1=0.475 A2=0.4618  (1611s)
[field] mag_anom:openness:5                          P@40k A1=0.0132 (x1.332) A2=0.0591 (x0.775) cat=0.0722 | AUC A1=0.4754 A2=0.46  (1621s)
[field] mag_anom:openness:9                          P@40k A1=0.0126 (x1.279) A2=0.0629 (x0.825) cat=0.0755 | AUC A1=0.4773 A2=0.4569  (1635s)
[field] mag_anom:tpi:1                               P@40k A1=0.0109 (x1.107) A2=0.0701 (x0.92) cat=0.0810 | AUC A1=0.4973 A2=0.4924  (1639s)
[field] mag_anom:tpi:1.5                             P@40k A1=0.0114 (x1.157) A2=0.0629 (x0.826) cat=0.0743 | AUC A1=0.5017 A2=0.4924  (1643s)
[field] mag_anom:tpi:2                               P@40k A1=0.0114 (x1.157) A2=0.0629 (x0.826) cat=0.0743 | AUC A1=0.5017 A2=0.4924  (1648s)
[field] mag_anom:tpi:2.5                             P@40k A1=0.0111 (x1.126) A2=0.0589 (x0.773) cat=0.0700 | AUC A1=0.5031 A2=0.4911  (1653s)
[field] mag_anom:tpi:3                               P@40k A1=0.0111 (x1.126) A2=0.0589 (x0.773) cat=0.0700 | AUC A1=0.5031 A2=0.4911  (1658s)
[field] mag_anom:tpi:5                               P@40k A1=0.0091 (x0.924) A2=0.0542 (x0.712) cat=0.0634 | AUC A1=0.5033 A2=0.489  (1663s)
[field] mag_anom:tpi:9                               P@40k A1=0.0049 (x0.491) A2=0.0444 (x0.583) cat=0.0493 | AUC A1=0.5027 A2=0.4868  (1668s)
[field] mag_anom:lrm:1                               P@40k A1=0.0037 (x0.372) A2=0.0521 (x0.684) cat=0.0558 | AUC A1=0.5241 A2=0.5351  (1674s)
[field] mag_anom:lrm:1.5                             P@40k A1=0.0041 (x0.415) A2=0.0520 (x0.682) cat=0.0561 | AUC A1=0.5247 A2=0.5359  (1679s)
[field] mag_anom:lrm:2                               P@40k A1=0.0041 (x0.415) A2=0.0520 (x0.682) cat=0.0561 | AUC A1=0.5247 A2=0.5359  (1684s)
[field] mag_anom:lrm:2.5                             P@40k A1=0.0050 (x0.501) A2=0.0558 (x0.733) cat=0.0608 | AUC A1=0.5253 A2=0.5368  (1689s)
[field] mag_anom:lrm:3                               P@40k A1=0.0050 (x0.501) A2=0.0558 (x0.733) cat=0.0608 | AUC A1=0.5253 A2=0.5368  (1694s)
[field] mag_anom:lrm:5                               P@40k A1=0.0042 (x0.427) A2=0.0500 (x0.656) cat=0.0542 | AUC A1=0.5263 A2=0.5393  (1699s)
[field] mag_anom:lrm:9                               P@40k A1=0.0020 (x0.203) A2=0.0370 (x0.486) cat=0.0390 | AUC A1=0.5261 A2=0.5428  (1704s)
[field] mag_anom:aniso:1                             P@40k A1=0.0103 (x1.04) A2=0.0723 (x0.95) cat=0.0826 | AUC A1=0.4965 A2=0.4976  (1710s)
[field] mag_anom:aniso:1.5                           P@40k A1=0.0101 (x1.026) A2=0.0726 (x0.953) cat=0.0828 | AUC A1=0.4955 A2=0.4978  (1716s)
[field] mag_anom:aniso:2                             P@40k A1=0.0102 (x1.033) A2=0.0714 (x0.937) cat=0.0816 | AUC A1=0.4948 A2=0.4972  (1722s)
[field] mag_anom:aniso:2.5                           P@40k A1=0.0109 (x1.107) A2=0.0700 (x0.919) cat=0.0809 | AUC A1=0.494 A2=0.4968  (1729s)
[field] mag_anom:aniso:3                             P@40k A1=0.0108 (x1.094) A2=0.0665 (x0.873) cat=0.0773 | AUC A1=0.4932 A2=0.4964  (1735s)
[field] mag_anom:aniso:5                             P@40k A1=0.0120 (x1.221) A2=0.0744 (x0.976) cat=0.0864 | AUC A1=0.4891 A2=0.4946  (1742s)
[field] mag_anom:aniso:9                             P@40k A1=0.0145 (x1.467) A2=0.0790 (x1.036) cat=0.0934 | AUC A1=0.4773 A2=0.4976  (1750s)
[field] mag_anom:aspect_var:1                        P@40k A1=0.0085 (x0.861) A2=0.0707 (x0.928) cat=0.0792 | AUC A1=0.4966 A2=0.4976  (1756s)
[field] mag_anom:aspect_var:1.5                      P@40k A1=0.0084 (x0.854) A2=0.0702 (x0.922) cat=0.0786 | AUC A1=0.4958 A2=0.4984  (1762s)
[field] mag_anom:aspect_var:2                        P@40k A1=0.0085 (x0.863) A2=0.0703 (x0.922) cat=0.0788 | AUC A1=0.4952 A2=0.4986  (1768s)
[field] mag_anom:aspect_var:2.5                      P@40k A1=0.0086 (x0.876) A2=0.0708 (x0.929) cat=0.0795 | AUC A1=0.4947 A2=0.4988  (1774s)
[field] mag_anom:aspect_var:3                        P@40k A1=0.0087 (x0.879) A2=0.0708 (x0.929) cat=0.0795 | AUC A1=0.4942 A2=0.499  (1780s)
[field] mag_anom:aspect_var:5                        P@40k A1=0.0083 (x0.846) A2=0.0732 (x0.96) cat=0.0815 | AUC A1=0.4918 A2=0.5005  (1786s)
[field] mag_anom:aspect_var:9                        P@40k A1=0.0098 (x0.998) A2=0.0795 (x1.044) cat=0.0894 | AUC A1=0.4929 A2=0.5043  (1793s)
[field] mag_anom:slope_var:1                         P@40k A1=0.0098 (x0.996) A2=0.0709 (x0.931) cat=0.0807 | AUC A1=0.5099 A2=0.5172  (1798s)
[field] mag_anom:slope_var:1.5                       P@40k A1=0.0103 (x1.048) A2=0.0822 (x1.079) cat=0.0925 | AUC A1=0.5123 A2=0.5217  (1803s)
[field] mag_anom:slope_var:2                         P@40k A1=0.0103 (x1.048) A2=0.0822 (x1.079) cat=0.0925 | AUC A1=0.5123 A2=0.5217  (1808s)
[field] mag_anom:slope_var:2.5                       P@40k A1=0.0107 (x1.087) A2=0.0935 (x1.227) cat=0.1042 | AUC A1=0.5143 A2=0.5271  (1813s)
[field] mag_anom:slope_var:3                         P@40k A1=0.0107 (x1.087) A2=0.0935 (x1.227) cat=0.1042 | AUC A1=0.5143 A2=0.5271  (1819s)
[field] mag_anom:slope_var:5                         P@40k A1=0.0110 (x1.112) A2=0.1044 (x1.37) cat=0.1153 | AUC A1=0.5167 A2=0.5345  (1824s)
[field] mag_anom:slope_var:9                         P@40k A1=0.0110 (x1.117) A2=0.1086 (x1.425) cat=0.1196 | AUC A1=0.5156 A2=0.5397  (1829s)
[field] mag_anom:detrend:1                           P@40k A1=0.0097 (x0.979) A2=0.0707 (x0.928) cat=0.0804 | AUC A1=0.5029 A2=0.5169  (1834s)
[field] mag_anom:detrend:1.5                         P@40k A1=0.0079 (x0.802) A2=0.0689 (x0.905) cat=0.0769 | AUC A1=0.5094 A2=0.5143  (1840s)
[field] mag_anom:detrend:2                           P@40k A1=0.0079 (x0.8) A2=0.0699 (x0.918) cat=0.0779 | AUC A1=0.5094 A2=0.5144  (1845s)
[field] mag_anom:detrend:2.5                         P@40k A1=0.0076 (x0.772) A2=0.0683 (x0.897) cat=0.0760 | AUC A1=0.5151 A2=0.5205  (1851s)
[field] mag_anom:detrend:3                           P@40k A1=0.0076 (x0.772) A2=0.0681 (x0.894) cat=0.0757 | AUC A1=0.5151 A2=0.5206  (1856s)
[field] mag_anom:detrend:5                           P@40k A1=0.0072 (x0.726) A2=0.0695 (x0.913) cat=0.0767 | AUC A1=0.5203 A2=0.5322  (1863s)
[field] mag_anom:detrend:9                           P@40k A1=0.0066 (x0.666) A2=0.0671 (x0.881) cat=0.0737 | AUC A1=0.5201 A2=0.5376  (1869s)
[field] rtp:line:1                                   P@40k A1=0.0136 (x1.378) A2=0.0807 (x1.06) cat=0.0943 | AUC A1=0.5005 A2=0.5015  (1874s)
[field] rtp:line:1.5                                 P@40k A1=0.0132 (x1.342) A2=0.0790 (x1.037) cat=0.0923 | AUC A1=0.4991 A2=0.503  (1881s)
[field] rtp:line:2                                   P@40k A1=0.0141 (x1.431) A2=0.0793 (x1.04) cat=0.0934 | AUC A1=0.4985 A2=0.504  (1887s)
[field] rtp:line:2.5                                 P@40k A1=0.0143 (x1.443) A2=0.0805 (x1.057) cat=0.0948 | AUC A1=0.499 A2=0.504  (1893s)
[field] rtp:line:3                                   P@40k A1=0.0134 (x1.352) A2=0.0809 (x1.061) cat=0.0942 | AUC A1=0.4981 A2=0.5028  (1899s)
[field] rtp:line:5                                   P@40k A1=0.0111 (x1.119) A2=0.0757 (x0.993) cat=0.0867 | AUC A1=0.4934 A2=0.5033  (1905s)
[field] rtp:line:9                                   P@40k A1=0.0112 (x1.131) A2=0.0709 (x0.93) cat=0.0820 | AUC A1=0.492 A2=0.498  (1912s)
[field] rtp:curv:1                                   P@40k A1=0.0147 (x1.492) A2=0.0768 (x1.008) cat=0.0916 | AUC A1=0.5165 A2=0.5251  (1917s)
[field] rtp:curv:1.5                                 P@40k A1=0.0152 (x1.543) A2=0.0775 (x1.017) cat=0.0927 | AUC A1=0.5147 A2=0.5259  (1923s)
[field] rtp:curv:2                                   P@40k A1=0.0157 (x1.59) A2=0.0795 (x1.043) cat=0.0952 | AUC A1=0.5129 A2=0.5255  (1929s)
[field] rtp:curv:2.5                                 P@40k A1=0.0150 (x1.517) A2=0.0791 (x1.038) cat=0.0940 | AUC A1=0.5106 A2=0.5263  (1935s)
[field] rtp:curv:3                                   P@40k A1=0.0140 (x1.423) A2=0.0783 (x1.027) cat=0.0923 | AUC A1=0.508 A2=0.5276  (1940s)
[field] rtp:curv:5                                   P@40k A1=0.0133 (x1.347) A2=0.0785 (x1.031) cat=0.0919 | AUC A1=0.5002 A2=0.5246  (1946s)
[field] rtp:curv:9                                   P@40k A1=0.0111 (x1.126) A2=0.0669 (x0.877) cat=0.0780 | AUC A1=0.4887 A2=0.5223  (1952s)
[field] rtp:scarp:1                                  P@40k A1=0.0145 (x1.469) A2=0.0732 (x0.961) cat=0.0877 | AUC A1=0.5158 A2=0.5337  (1961s)
[field] rtp:scarp:1.5                                P@40k A1=0.0147 (x1.489) A2=0.0740 (x0.971) cat=0.0887 | AUC A1=0.5158 A2=0.5354  (1972s)
[field] rtp:scarp:2                                  P@40k A1=0.0147 (x1.489) A2=0.0740 (x0.971) cat=0.0887 | AUC A1=0.5158 A2=0.5354  (1983s)
[field] rtp:scarp:2.5                                P@40k A1=0.0160 (x1.624) A2=0.0747 (x0.98) cat=0.0907 | AUC A1=0.5163 A2=0.5369  (1997s)
[field] rtp:scarp:3                                  P@40k A1=0.0160 (x1.624) A2=0.0747 (x0.98) cat=0.0907 | AUC A1=0.5163 A2=0.5369  (2010s)
[field] rtp:scarp:5                                  P@40k A1=0.0145 (x1.467) A2=0.0747 (x0.981) cat=0.0892 | AUC A1=0.5166 A2=0.5391  (2029s)
[field] rtp:scarp:9                                  P@40k A1=0.0146 (x1.476) A2=0.0684 (x0.898) cat=0.0830 | AUC A1=0.5144 A2=0.5424  (2059s)
[field] rtp:openness:1                               P@40k A1=0.0095 (x0.957) A2=0.0688 (x0.904) cat=0.0783 | AUC A1=0.4813 A2=0.4646  (2065s)
[field] rtp:openness:1.5                             P@40k A1=0.0097 (x0.977) A2=0.0676 (x0.887) cat=0.0772 | AUC A1=0.4804 A2=0.4637  (2073s)
[field] rtp:openness:2                               P@40k A1=0.0097 (x0.977) A2=0.0676 (x0.887) cat=0.0772 | AUC A1=0.4804 A2=0.4637  (2080s)
[field] rtp:openness:2.5                             P@40k A1=0.0097 (x0.977) A2=0.0676 (x0.887) cat=0.0772 | AUC A1=0.4804 A2=0.4637  (2087s)
[field] rtp:openness:3                               P@40k A1=0.0091 (x0.917) A2=0.0666 (x0.874) cat=0.0757 | AUC A1=0.4796 A2=0.4629  (2095s)
[field] rtp:openness:5                               P@40k A1=0.0074 (x0.747) A2=0.0662 (x0.868) cat=0.0736 | AUC A1=0.479 A2=0.4621  (2106s)
[field] rtp:openness:9                               P@40k A1=0.0078 (x0.787) A2=0.0657 (x0.862) cat=0.0735 | AUC A1=0.4787 A2=0.4615  (2120s)
[field] rtp:tpi:1                                    P@40k A1=0.0142 (x1.436) A2=0.0793 (x1.04) cat=0.0935 | AUC A1=0.4869 A2=0.4898  (2125s)
[field] rtp:tpi:1.5                                  P@40k A1=0.0146 (x1.482) A2=0.0829 (x1.089) cat=0.0976 | AUC A1=0.4866 A2=0.4893  (2130s)
[field] rtp:tpi:2                                    P@40k A1=0.0146 (x1.482) A2=0.0829 (x1.089) cat=0.0976 | AUC A1=0.4866 A2=0.4893  (2136s)
[field] rtp:tpi:2.5                                  P@40k A1=0.0152 (x1.535) A2=0.0847 (x1.111) cat=0.0998 | AUC A1=0.4866 A2=0.4879  (2141s)
[field] rtp:tpi:3                                    P@40k A1=0.0152 (x1.535) A2=0.0847 (x1.111) cat=0.0998 | AUC A1=0.4866 A2=0.4879  (2147s)
[field] rtp:tpi:5                                    P@40k A1=0.0146 (x1.479) A2=0.0875 (x1.148) cat=0.1021 | AUC A1=0.4879 A2=0.4861  (2152s)
[field] rtp:tpi:9                                    P@40k A1=0.0129 (x1.312) A2=0.0891 (x1.169) cat=0.1021 | AUC A1=0.4918 A2=0.4848  (2157s)
[field] rtp:lrm:1                                    P@40k A1=0.0149 (x1.514) A2=0.0688 (x0.903) cat=0.0837 | AUC A1=0.516 A2=0.5341  (2163s)
[field] rtp:lrm:1.5                                  P@40k A1=0.0164 (x1.659) A2=0.0680 (x0.893) cat=0.0844 | AUC A1=0.5159 A2=0.535  (2168s)
[field] rtp:lrm:2                                    P@40k A1=0.0164 (x1.659) A2=0.0680 (x0.893) cat=0.0844 | AUC A1=0.5159 A2=0.535  (2173s)
[field] rtp:lrm:2.5                                  P@40k A1=0.0179 (x1.815) A2=0.0684 (x0.897) cat=0.0863 | AUC A1=0.5159 A2=0.5358  (2178s)
[field] rtp:lrm:3                                    P@40k A1=0.0179 (x1.815) A2=0.0684 (x0.897) cat=0.0863 | AUC A1=0.5159 A2=0.5358  (2183s)
[field] rtp:lrm:5                                    P@40k A1=0.0181 (x1.833) A2=0.0668 (x0.877) cat=0.0849 | AUC A1=0.5153 A2=0.5365  (2188s)
[field] rtp:lrm:9                                    P@40k A1=0.0160 (x1.626) A2=0.0691 (x0.906) cat=0.0851 | AUC A1=0.5115 A2=0.536  (2193s)
[field] rtp:aniso:1                                  P@40k A1=0.0100 (x1.015) A2=0.0733 (x0.962) cat=0.0833 | AUC A1=0.5085 A2=0.4983  (2199s)
[field] rtp:aniso:1.5                                P@40k A1=0.0105 (x1.066) A2=0.0723 (x0.95) cat=0.0829 | AUC A1=0.5032 A2=0.4939  (2205s)
[field] rtp:aniso:2                                  P@40k A1=0.0096 (x0.97) A2=0.0681 (x0.893) cat=0.0776 | AUC A1=0.4981 A2=0.4899  (2212s)
[field] rtp:aniso:2.5                                P@40k A1=0.0086 (x0.871) A2=0.0708 (x0.929) cat=0.0794 | AUC A1=0.4954 A2=0.4868  (2218s)
[field] rtp:aniso:3                                  P@40k A1=0.0088 (x0.888) A2=0.0679 (x0.891) cat=0.0766 | AUC A1=0.494 A2=0.4844  (2224s)
[field] rtp:aniso:5                                  P@40k A1=0.0100 (x1.015) A2=0.0652 (x0.856) cat=0.0752 | AUC A1=0.5022 A2=0.4809  (2232s)
[field] rtp:aniso:9                                  P@40k A1=0.0099 (x1.003) A2=0.0672 (x0.882) cat=0.0771 | AUC A1=0.4922 A2=0.4802  (2240s)
[field] rtp:aspect_var:1                             P@40k A1=0.0106 (x1.074) A2=0.0742 (x0.974) cat=0.0848 | AUC A1=0.5103 A2=0.4999  (2246s)
[field] rtp:aspect_var:1.5                           P@40k A1=0.0107 (x1.082) A2=0.0726 (x0.953) cat=0.0833 | AUC A1=0.5096 A2=0.4997  (2252s)
[field] rtp:aspect_var:2                             P@40k A1=0.0101 (x1.023) A2=0.0727 (x0.953) cat=0.0828 | AUC A1=0.5088 A2=0.4996  (2259s)
[field] rtp:aspect_var:2.5                           P@40k A1=0.0095 (x0.96) A2=0.0728 (x0.956) cat=0.0823 | AUC A1=0.508 A2=0.4994  (2265s)
[field] rtp:aspect_var:3                             P@40k A1=0.0092 (x0.93) A2=0.0721 (x0.946) cat=0.0813 | AUC A1=0.5075 A2=0.4992  (2271s)
[field] rtp:aspect_var:5                             P@40k A1=0.0094 (x0.952) A2=0.0694 (x0.911) cat=0.0788 | AUC A1=0.5072 A2=0.4984  (2277s)
[field] rtp:aspect_var:9                             P@40k A1=0.0107 (x1.084) A2=0.0715 (x0.938) cat=0.0822 | AUC A1=0.505 A2=0.4972  (2284s)
[field] rtp:slope_var:1                              P@40k A1=0.0137 (x1.388) A2=0.0786 (x1.032) cat=0.0924 | AUC A1=0.5197 A2=0.5315  (2289s)
[field] rtp:slope_var:1.5                            P@40k A1=0.0141 (x1.433) A2=0.0749 (x0.983) cat=0.0891 | AUC A1=0.5201 A2=0.5331  (2295s)
[field] rtp:slope_var:2                              P@40k A1=0.0141 (x1.433) A2=0.0749 (x0.983) cat=0.0891 | AUC A1=0.5201 A2=0.5331  (2300s)
[field] rtp:slope_var:2.5                            P@40k A1=0.0156 (x1.58) A2=0.0729 (x0.956) cat=0.0885 | AUC A1=0.5202 A2=0.5337  (2306s)
[field] rtp:slope_var:3                              P@40k A1=0.0156 (x1.58) A2=0.0729 (x0.956) cat=0.0885 | AUC A1=0.5202 A2=0.5337  (2311s)
[field] rtp:slope_var:5                              P@40k A1=0.0181 (x1.828) A2=0.0676 (x0.888) cat=0.0857 | AUC A1=0.5198 A2=0.5335  (2317s)
[field] rtp:slope_var:9                              P@40k A1=0.0121 (x1.229) A2=0.0600 (x0.787) cat=0.0721 | AUC A1=0.517 A2=0.5315  (2322s)
[field] rtp:detrend:1                                P@40k A1=0.0144 (x1.457) A2=0.0765 (x1.003) cat=0.0908 | AUC A1=0.5182 A2=0.531  (2328s)
[field] rtp:detrend:1.5                              P@40k A1=0.0159 (x1.614) A2=0.0737 (x0.967) cat=0.0896 | AUC A1=0.5181 A2=0.531  (2333s)
[field] rtp:detrend:2                                P@40k A1=0.0159 (x1.616) A2=0.0742 (x0.974) cat=0.0902 | AUC A1=0.5182 A2=0.5312  (2340s)
[field] rtp:detrend:2.5                              P@40k A1=0.0166 (x1.681) A2=0.0764 (x1.003) cat=0.0930 | AUC A1=0.5176 A2=0.5325  (2346s)
[field] rtp:detrend:3                                P@40k A1=0.0163 (x1.656) A2=0.0771 (x1.012) cat=0.0935 | AUC A1=0.5177 A2=0.5327  (2352s)
[field] rtp:detrend:5                                P@40k A1=0.0151 (x1.532) A2=0.0761 (x0.999) cat=0.0913 | AUC A1=0.5164 A2=0.534  (2358s)
[field] rtp:detrend:9                                P@40k A1=0.0139 (x1.406) A2=0.0761 (x0.999) cat=0.0900 | AUC A1=0.5128 A2=0.5359  (2364s)
[field] tmi_vg:line:1                                P@40k A1=0.0136 (x1.376) A2=0.0792 (x1.04) cat=0.0928 | AUC A1=0.5 A2=0.5004  (2370s)
[field] tmi_vg:line:1.5                              P@40k A1=0.0133 (x1.35) A2=0.0801 (x1.052) cat=0.0935 | AUC A1=0.4994 A2=0.499  (2376s)
[field] tmi_vg:line:2                                P@40k A1=0.0134 (x1.357) A2=0.0801 (x1.051) cat=0.0935 | AUC A1=0.4988 A2=0.4998  (2383s)
[field] tmi_vg:line:2.5                              P@40k A1=0.0144 (x1.464) A2=0.0822 (x1.079) cat=0.0966 | AUC A1=0.4988 A2=0.5007  (2389s)
[field] tmi_vg:line:3                                P@40k A1=0.0157 (x1.59) A2=0.0853 (x1.12) cat=0.1010 | AUC A1=0.4981 A2=0.5003  (2395s)
[field] tmi_vg:line:5                                P@40k A1=0.0137 (x1.385) A2=0.0843 (x1.106) cat=0.0979 | AUC A1=0.5003 A2=0.4998  (2402s)
[field] tmi_vg:line:9                                P@40k A1=0.0126 (x1.276) A2=0.0771 (x1.012) cat=0.0897 | AUC A1=0.4916 A2=0.5031  (2409s)
[field] tmi_vg:curv:1                                P@40k A1=0.0146 (x1.484) A2=0.0775 (x1.017) cat=0.0921 | AUC A1=0.5188 A2=0.525  (2415s)
[field] tmi_vg:curv:1.5                              P@40k A1=0.0160 (x1.626) A2=0.0791 (x1.038) cat=0.0951 | AUC A1=0.5177 A2=0.5263  (2421s)
[field] tmi_vg:curv:2                                P@40k A1=0.0163 (x1.651) A2=0.0794 (x1.042) cat=0.0957 | AUC A1=0.5148 A2=0.5256  (2427s)
[field] tmi_vg:curv:2.5                              P@40k A1=0.0152 (x1.535) A2=0.0814 (x1.068) cat=0.0965 | AUC A1=0.5129 A2=0.5259  (2432s)
[field] tmi_vg:curv:3                                P@40k A1=0.0152 (x1.537) A2=0.0824 (x1.082) cat=0.0976 | AUC A1=0.5114 A2=0.5262  (2438s)
[field] tmi_vg:curv:5                                P@40k A1=0.0149 (x1.514) A2=0.0854 (x1.121) cat=0.1004 | AUC A1=0.5084 A2=0.5246  (2444s)
[field] tmi_vg:curv:9                                P@40k A1=0.0106 (x1.069) A2=0.0789 (x1.035) cat=0.0894 | AUC A1=0.5048 A2=0.5196  (2450s)
[field] tmi_vg:scarp:1                               P@40k A1=0.0145 (x1.469) A2=0.0736 (x0.966) cat=0.0881 | AUC A1=0.5171 A2=0.5288  (2458s)
[field] tmi_vg:scarp:1.5                             P@40k A1=0.0166 (x1.678) A2=0.0748 (x0.982) cat=0.0914 | AUC A1=0.5163 A2=0.5289  (2469s)
[field] tmi_vg:scarp:2                               P@40k A1=0.0166 (x1.678) A2=0.0748 (x0.982) cat=0.0914 | AUC A1=0.5163 A2=0.5289  (2480s)
[field] tmi_vg:scarp:2.5                             P@40k A1=0.0169 (x1.707) A2=0.0725 (x0.951) cat=0.0893 | AUC A1=0.516 A2=0.5292  (2494s)
[field] tmi_vg:scarp:3                               P@40k A1=0.0169 (x1.707) A2=0.0725 (x0.951) cat=0.0893 | AUC A1=0.516 A2=0.5292  (2507s)
[field] tmi_vg:scarp:5                               P@40k A1=0.0200 (x2.029) A2=0.0670 (x0.879) cat=0.0870 | AUC A1=0.515 A2=0.529  (2526s)
[field] tmi_vg:scarp:9                               P@40k A1=0.0191 (x1.935) A2=0.0639 (x0.838) cat=0.0829 | AUC A1=0.5103 A2=0.5286  (2555s)
[field] tmi_vg:openness:1                            P@40k A1=0.0102 (x1.033) A2=0.0770 (x1.01) cat=0.0872 | AUC A1=0.4804 A2=0.4697  (2561s)
[field] tmi_vg:openness:1.5                          P@40k A1=0.0103 (x1.043) A2=0.0765 (x1.004) cat=0.0868 | AUC A1=0.4792 A2=0.4693  (2568s)
[field] tmi_vg:openness:2                            P@40k A1=0.0103 (x1.043) A2=0.0765 (x1.004) cat=0.0868 | AUC A1=0.4792 A2=0.4693  (2576s)
[field] tmi_vg:openness:2.5                          P@40k A1=0.0103 (x1.043) A2=0.0765 (x1.004) cat=0.0868 | AUC A1=0.4792 A2=0.4693  (2583s)
[field] tmi_vg:openness:3                            P@40k A1=0.0097 (x0.983) A2=0.0735 (x0.965) cat=0.0832 | AUC A1=0.4784 A2=0.4691  (2591s)
[field] tmi_vg:openness:5                            P@40k A1=0.0080 (x0.81) A2=0.0703 (x0.923) cat=0.0783 | AUC A1=0.4778 A2=0.469  (2602s)
[field] tmi_vg:openness:9                            P@40k A1=0.0058 (x0.587) A2=0.0673 (x0.883) cat=0.0731 | AUC A1=0.4779 A2=0.47  (2616s)
[field] tmi_vg:tpi:1                                 P@40k A1=0.0129 (x1.302) A2=0.0803 (x1.053) cat=0.0931 | AUC A1=0.494 A2=0.4936  (2621s)
[field] tmi_vg:tpi:1.5                               P@40k A1=0.0134 (x1.354) A2=0.0809 (x1.061) cat=0.0943 | AUC A1=0.4921 A2=0.4927  (2627s)
[field] tmi_vg:tpi:2                                 P@40k A1=0.0134 (x1.354) A2=0.0809 (x1.061) cat=0.0943 | AUC A1=0.4921 A2=0.4927  (2632s)
[field] tmi_vg:tpi:2.5                               P@40k A1=0.0143 (x1.443) A2=0.0824 (x1.082) cat=0.0967 | AUC A1=0.4905 A2=0.4924  (2637s)
[field] tmi_vg:tpi:3                                 P@40k A1=0.0143 (x1.443) A2=0.0824 (x1.082) cat=0.0967 | AUC A1=0.4905 A2=0.4924  (2642s)
[field] tmi_vg:tpi:5                                 P@40k A1=0.0149 (x1.509) A2=0.0850 (x1.116) cat=0.0999 | AUC A1=0.4887 A2=0.491  (2647s)
[field] tmi_vg:tpi:9                                 P@40k A1=0.0141 (x1.426) A2=0.0894 (x1.173) cat=0.1035 | AUC A1=0.4899 A2=0.4887  (2653s)
[field] tmi_vg:lrm:1                                 P@40k A1=0.0154 (x1.557) A2=0.0732 (x0.961) cat=0.0886 | AUC A1=0.5176 A2=0.5293  (2658s)
[field] tmi_vg:lrm:1.5                               P@40k A1=0.0159 (x1.608) A2=0.0721 (x0.946) cat=0.0880 | AUC A1=0.5174 A2=0.529  (2663s)
[field] tmi_vg:lrm:2                                 P@40k A1=0.0159 (x1.608) A2=0.0721 (x0.946) cat=0.0880 | AUC A1=0.5174 A2=0.529  (2668s)
[field] tmi_vg:lrm:2.5                               P@40k A1=0.0164 (x1.663) A2=0.0662 (x0.869) cat=0.0827 | AUC A1=0.5171 A2=0.5285  (2673s)
[field] tmi_vg:lrm:3                                 P@40k A1=0.0164 (x1.663) A2=0.0662 (x0.869) cat=0.0827 | AUC A1=0.5171 A2=0.5285  (2678s)
[field] tmi_vg:lrm:5                                 P@40k A1=0.0224 (x2.272) A2=0.0616 (x0.808) cat=0.0840 | AUC A1=0.5164 A2=0.5265  (2683s)
[field] tmi_vg:lrm:9                                 P@40k A1=0.0210 (x2.132) A2=0.0681 (x0.893) cat=0.0891 | AUC A1=0.5131 A2=0.523  (2688s)
[field] tmi_vg:aniso:1                               P@40k A1=0.0109 (x1.101) A2=0.0736 (x0.967) cat=0.0845 | AUC A1=0.5052 A2=0.5005  (2694s)
[field] tmi_vg:aniso:1.5                             P@40k A1=0.0115 (x1.16) A2=0.0737 (x0.968) cat=0.0852 | AUC A1=0.505 A2=0.499  (2700s)
[field] tmi_vg:aniso:2                               P@40k A1=0.0100 (x1.015) A2=0.0725 (x0.952) cat=0.0825 | AUC A1=0.5008 A2=0.4969  (2707s)
[field] tmi_vg:aniso:2.5                             P@40k A1=0.0094 (x0.952) A2=0.0706 (x0.926) cat=0.0800 | AUC A1=0.4944 A2=0.4956  (2714s)
[field] tmi_vg:aniso:3                               P@40k A1=0.0094 (x0.952) A2=0.0689 (x0.904) cat=0.0783 | AUC A1=0.4907 A2=0.4944  (2720s)
[field] tmi_vg:aniso:5                               P@40k A1=0.0106 (x1.069) A2=0.0730 (x0.957) cat=0.0835 | AUC A1=0.4963 A2=0.4947  (2727s)
[field] tmi_vg:aniso:9                               P@40k A1=0.0091 (x0.922) A2=0.0680 (x0.893) cat=0.0771 | AUC A1=0.4961 A2=0.4851  (2735s)
[field] tmi_vg:aspect_var:1                          P@40k A1=0.0097 (x0.979) A2=0.0780 (x1.023) cat=0.0877 | AUC A1=0.5102 A2=0.5052  (2742s)
[field] tmi_vg:aspect_var:1.5                        P@40k A1=0.0103 (x1.046) A2=0.0787 (x1.032) cat=0.0890 | AUC A1=0.5108 A2=0.5068  (2748s)
[field] tmi_vg:aspect_var:2                          P@40k A1=0.0103 (x1.038) A2=0.0755 (x0.991) cat=0.0858 | AUC A1=0.511 A2=0.5074  (2754s)
[field] tmi_vg:aspect_var:2.5                        P@40k A1=0.0110 (x1.117) A2=0.0742 (x0.974) cat=0.0853 | AUC A1=0.5113 A2=0.5078  (2761s)
[field] tmi_vg:aspect_var:3                          P@40k A1=0.0111 (x1.121) A2=0.0724 (x0.95) cat=0.0834 | AUC A1=0.5118 A2=0.508  (2767s)
[field] tmi_vg:aspect_var:5                          P@40k A1=0.0105 (x1.061) A2=0.0683 (x0.897) cat=0.0788 | AUC A1=0.5146 A2=0.5093  (2773s)
[field] tmi_vg:aspect_var:9                          P@40k A1=0.0109 (x1.104) A2=0.0781 (x1.025) cat=0.0890 | AUC A1=0.5171 A2=0.5128  (2780s)
[field] tmi_vg:slope_var:1                           P@40k A1=0.0150 (x1.524) A2=0.0748 (x0.982) cat=0.0899 | AUC A1=0.5203 A2=0.5289  (2785s)
[field] tmi_vg:slope_var:1.5                         P@40k A1=0.0153 (x1.553) A2=0.0753 (x0.988) cat=0.0906 | AUC A1=0.5204 A2=0.5287  (2791s)
[field] tmi_vg:slope_var:2                           P@40k A1=0.0153 (x1.553) A2=0.0753 (x0.988) cat=0.0906 | AUC A1=0.5204 A2=0.5287  (2796s)
[field] tmi_vg:slope_var:2.5                         P@40k A1=0.0149 (x1.504) A2=0.0705 (x0.925) cat=0.0853 | AUC A1=0.5204 A2=0.5281  (2801s)
[field] tmi_vg:slope_var:3                           P@40k A1=0.0149 (x1.504) A2=0.0705 (x0.925) cat=0.0853 | AUC A1=0.5204 A2=0.5281  (2807s)
[field] tmi_vg:slope_var:5                           P@40k A1=0.0164 (x1.659) A2=0.0660 (x0.867) cat=0.0824 | AUC A1=0.5197 A2=0.5263  (2812s)
[field] tmi_vg:slope_var:9                           P@40k A1=0.0226 (x2.284) A2=0.0697 (x0.915) cat=0.0922 | AUC A1=0.5169 A2=0.5227  (2817s)
[field] tmi_vg:detrend:1                             P@40k A1=0.0144 (x1.457) A2=0.0761 (x0.998) cat=0.0905 | AUC A1=0.5184 A2=0.5237  (2823s)
[field] tmi_vg:detrend:1.5                           P@40k A1=0.0147 (x1.494) A2=0.0765 (x1.004) cat=0.0912 | AUC A1=0.5191 A2=0.5252  (2828s)
[field] tmi_vg:detrend:2                             P@40k A1=0.0147 (x1.487) A2=0.0765 (x1.004) cat=0.0911 | AUC A1=0.5191 A2=0.5252  (2834s)
[field] tmi_vg:detrend:2.5                           P@40k A1=0.0151 (x1.526) A2=0.0774 (x1.015) cat=0.0924 | AUC A1=0.5192 A2=0.5258  (2840s)
[field] tmi_vg:detrend:3                             P@40k A1=0.0151 (x1.526) A2=0.0772 (x1.014) cat=0.0923 | AUC A1=0.5192 A2=0.5258  (2846s)
[field] tmi_vg:detrend:5                             P@40k A1=0.0157 (x1.59) A2=0.0786 (x1.032) cat=0.0943 | AUC A1=0.5163 A2=0.5262  (2853s)
[field] tmi_vg:detrend:9                             P@40k A1=0.0138 (x1.403) A2=0.0804 (x1.055) cat=0.0943 | AUC A1=0.5129 A2=0.5252  (2860s)
[field] tc:line:1                                    P@40k A1=0.0089 (x0.907) A2=0.0697 (x0.915) cat=0.0786 | AUC A1=0.4978 A2=0.4968  (2866s)
[field] tc:line:1.5                                  P@40k A1=0.0088 (x0.886) A2=0.0685 (x0.899) cat=0.0772 | AUC A1=0.4951 A2=0.4934  (2872s)
[field] tc:line:2                                    P@40k A1=0.0086 (x0.876) A2=0.0711 (x0.933) cat=0.0798 | AUC A1=0.4901 A2=0.4924  (2878s)
[field] tc:line:2.5                                  P@40k A1=0.0083 (x0.838) A2=0.0748 (x0.982) cat=0.0831 | AUC A1=0.4857 A2=0.4938  (2884s)
[field] tc:line:3                                    P@40k A1=0.0083 (x0.838) A2=0.0785 (x1.03) cat=0.0867 | AUC A1=0.4857 A2=0.4929  (2891s)
[field] tc:line:5                                    P@40k A1=0.0043 (x0.438) A2=0.0845 (x1.109) cat=0.0888 | AUC A1=0.4788 A2=0.4937  (2897s)
[field] tc:line:9                                    P@40k A1=0.0034 (x0.341) A2=0.0802 (x1.052) cat=0.0835 | AUC A1=0.4754 A2=0.4911  (2904s)
[field] tc:curv:1                                    P@40k A1=0.0090 (x0.91) A2=0.0658 (x0.864) cat=0.0748 | AUC A1=0.5062 A2=0.4897  (2910s)
[field] tc:curv:1.5                                  P@40k A1=0.0088 (x0.888) A2=0.0642 (x0.843) cat=0.0730 | AUC A1=0.5048 A2=0.489  (2915s)
[field] tc:curv:2                                    P@40k A1=0.0080 (x0.81) A2=0.0649 (x0.852) cat=0.0729 | AUC A1=0.504 A2=0.4901  (2920s)
[field] tc:curv:2.5                                  P@40k A1=0.0078 (x0.787) A2=0.0660 (x0.866) cat=0.0737 | AUC A1=0.5038 A2=0.4923  (2926s)
[field] tc:curv:3                                    P@40k A1=0.0075 (x0.762) A2=0.0682 (x0.895) cat=0.0757 | AUC A1=0.5044 A2=0.4952  (2932s)
[field] tc:curv:5                                    P@40k A1=0.0069 (x0.697) A2=0.0779 (x1.023) cat=0.0848 | AUC A1=0.5062 A2=0.5014  (2938s)
[field] tc:curv:9                                    P@40k A1=0.0061 (x0.618) A2=0.0728 (x0.956) cat=0.0790 | AUC A1=0.4983 A2=0.5023  (2944s)
[field] tc:scarp:1                                   P@40k A1=0.0092 (x0.937) A2=0.0740 (x0.971) cat=0.0833 | AUC A1=0.5129 A2=0.4944  (2952s)
[field] tc:scarp:1.5                                 P@40k A1=0.0093 (x0.942) A2=0.0786 (x1.032) cat=0.0880 | AUC A1=0.5144 A2=0.4975  (2963s)
[field] tc:scarp:2                                   P@40k A1=0.0093 (x0.942) A2=0.0786 (x1.032) cat=0.0880 | AUC A1=0.5144 A2=0.4975  (2974s)
[field] tc:scarp:2.5                                 P@40k A1=0.0097 (x0.985) A2=0.0808 (x1.06) cat=0.0905 | AUC A1=0.5154 A2=0.5002  (2988s)
[field] tc:scarp:3                                   P@40k A1=0.0097 (x0.985) A2=0.0808 (x1.06) cat=0.0905 | AUC A1=0.5154 A2=0.5002  (3002s)
[field] tc:scarp:5                                   P@40k A1=0.0111 (x1.119) A2=0.0799 (x1.049) cat=0.0910 | AUC A1=0.5171 A2=0.5042  (3019s)
[field] tc:scarp:9                                   P@40k A1=0.0092 (x0.93) A2=0.0731 (x0.959) cat=0.0823 | AUC A1=0.5223 A2=0.5066  (3048s)
[field] tc:openness:1                                P@40k A1=0.0089 (x0.905) A2=0.0740 (x0.971) cat=0.0829 | AUC A1=0.4843 A2=0.5  (3054s)
[field] tc:openness:1.5                              P@40k A1=0.0095 (x0.962) A2=0.0706 (x0.927) cat=0.0801 | AUC A1=0.4811 A2=0.4985  (3062s)
[field] tc:openness:2                                P@40k A1=0.0095 (x0.962) A2=0.0706 (x0.927) cat=0.0801 | AUC A1=0.4811 A2=0.4985  (3069s)
[field] tc:openness:2.5                              P@40k A1=0.0095 (x0.962) A2=0.0706 (x0.927) cat=0.0801 | AUC A1=0.4811 A2=0.4985  (3076s)
[field] tc:openness:3                                P@40k A1=0.0093 (x0.944) A2=0.0693 (x0.91) cat=0.0786 | AUC A1=0.4792 A2=0.4972  (3084s)
[field] tc:openness:5                                P@40k A1=0.0083 (x0.841) A2=0.0664 (x0.871) cat=0.0747 | AUC A1=0.4771 A2=0.4954  (3095s)
[field] tc:openness:9                                P@40k A1=0.0065 (x0.661) A2=0.0599 (x0.785) cat=0.0664 | AUC A1=0.4754 A2=0.4934  (3109s)
[field] tc:tpi:1                                     P@40k A1=0.0093 (x0.944) A2=0.0692 (x0.908) cat=0.0785 | AUC A1=0.4897 A2=0.4891  (3115s)
[field] tc:tpi:1.5                                   P@40k A1=0.0091 (x0.924) A2=0.0650 (x0.853) cat=0.0741 | AUC A1=0.484 A2=0.4866  (3120s)
[field] tc:tpi:2                                     P@40k A1=0.0091 (x0.924) A2=0.0650 (x0.853) cat=0.0741 | AUC A1=0.484 A2=0.4866  (3126s)
[field] tc:tpi:2.5                                   P@40k A1=0.0088 (x0.886) A2=0.0641 (x0.842) cat=0.0729 | AUC A1=0.4788 A2=0.4839  (3131s)
[field] tc:tpi:3                                     P@40k A1=0.0088 (x0.886) A2=0.0641 (x0.842) cat=0.0729 | AUC A1=0.4788 A2=0.4839  (3137s)
[field] tc:tpi:5                                     P@40k A1=0.0078 (x0.795) A2=0.0635 (x0.834) cat=0.0714 | AUC A1=0.4689 A2=0.4775  (3143s)
[field] tc:tpi:9                                     P@40k A1=0.0059 (x0.598) A2=0.0642 (x0.843) cat=0.0701 | AUC A1=0.454 A2=0.4637  (3148s)
[field] tc:lrm:1                                     P@40k A1=0.0083 (x0.846) A2=0.0728 (x0.956) cat=0.0812 | AUC A1=0.5153 A2=0.4911  (3154s)
[field] tc:lrm:1.5                                   P@40k A1=0.0083 (x0.841) A2=0.0740 (x0.971) cat=0.0823 | AUC A1=0.5169 A2=0.4921  (3159s)
[field] tc:lrm:2                                     P@40k A1=0.0083 (x0.841) A2=0.0740 (x0.971) cat=0.0823 | AUC A1=0.5169 A2=0.4921  (3165s)
[field] tc:lrm:2.5                                   P@40k A1=0.0087 (x0.879) A2=0.0769 (x1.009) cat=0.0856 | AUC A1=0.5178 A2=0.4939  (3171s)
[field] tc:lrm:3                                     P@40k A1=0.0087 (x0.879) A2=0.0769 (x1.009) cat=0.0856 | AUC A1=0.5178 A2=0.4939  (3176s)
[field] tc:lrm:5                                     P@40k A1=0.0101 (x1.021) A2=0.0784 (x1.028) cat=0.0884 | AUC A1=0.5188 A2=0.4965  (3181s)
[field] tc:lrm:9                                     P@40k A1=0.0109 (x1.099) A2=0.0738 (x0.969) cat=0.0847 | AUC A1=0.5164 A2=0.4988  (3187s)
[field] tc:aniso:1                                   P@40k A1=0.0097 (x0.977) A2=0.0717 (x0.941) cat=0.0814 | AUC A1=0.4978 A2=0.4921  (3193s)
[field] tc:aniso:1.5                                 P@40k A1=0.0095 (x0.962) A2=0.0722 (x0.948) cat=0.0817 | AUC A1=0.499 A2=0.4918  (3199s)
[field] tc:aniso:2                                   P@40k A1=0.0106 (x1.077) A2=0.0744 (x0.977) cat=0.0851 | AUC A1=0.5 A2=0.492  (3205s)
[field] tc:aniso:2.5                                 P@40k A1=0.0091 (x0.917) A2=0.0730 (x0.958) cat=0.0820 | AUC A1=0.4974 A2=0.4926  (3212s)
[field] tc:aniso:3                                   P@40k A1=0.0089 (x0.898) A2=0.0709 (x0.931) cat=0.0798 | AUC A1=0.4934 A2=0.4953  (3218s)
[field] tc:aniso:5                                   P@40k A1=0.0080 (x0.805) A2=0.0799 (x1.048) cat=0.0878 | AUC A1=0.4875 A2=0.5096  (3225s)
[field] tc:aniso:9                                   P@40k A1=0.0050 (x0.501) A2=0.0765 (x1.003) cat=0.0814 | AUC A1=0.4813 A2=0.5019  (3233s)
[field] tc:aspect_var:1                              P@40k A1=0.0098 (x0.996) A2=0.0723 (x0.949) cat=0.0821 | AUC A1=0.4919 A2=0.4873  (3239s)
[field] tc:aspect_var:1.5                            P@40k A1=0.0102 (x1.033) A2=0.0725 (x0.951) cat=0.0827 | AUC A1=0.4908 A2=0.4844  (3245s)
[field] tc:aspect_var:2                              P@40k A1=0.0104 (x1.051) A2=0.0723 (x0.949) cat=0.0827 | AUC A1=0.4908 A2=0.4824  (3251s)
[field] tc:aspect_var:2.5                            P@40k A1=0.0098 (x0.991) A2=0.0701 (x0.919) cat=0.0798 | AUC A1=0.4914 A2=0.4811  (3258s)
[field] tc:aspect_var:3                              P@40k A1=0.0104 (x1.051) A2=0.0701 (x0.92) cat=0.0805 | AUC A1=0.4918 A2=0.4806  (3264s)
[field] tc:aspect_var:5                              P@40k A1=0.0092 (x0.935) A2=0.0703 (x0.923) cat=0.0796 | AUC A1=0.4902 A2=0.4822  (3271s)
[field] tc:aspect_var:9                              P@40k A1=0.0107 (x1.089) A2=0.0654 (x0.858) cat=0.0761 | AUC A1=0.4914 A2=0.4847  (3277s)
[field] tc:slope_var:1                               P@40k A1=0.0084 (x0.856) A2=0.0621 (x0.814) cat=0.0705 | AUC A1=0.5069 A2=0.4879  (3283s)
[field] tc:slope_var:1.5                             P@40k A1=0.0092 (x0.927) A2=0.0572 (x0.75) cat=0.0663 | AUC A1=0.5108 A2=0.4873  (3289s)
[field] tc:slope_var:2                               P@40k A1=0.0092 (x0.927) A2=0.0572 (x0.75) cat=0.0663 | AUC A1=0.5108 A2=0.4873  (3294s)
[field] tc:slope_var:2.5                             P@40k A1=0.0088 (x0.893) A2=0.0540 (x0.708) cat=0.0628 | AUC A1=0.513 A2=0.4874  (3300s)
[field] tc:slope_var:3                               P@40k A1=0.0088 (x0.893) A2=0.0540 (x0.708) cat=0.0628 | AUC A1=0.513 A2=0.4874  (3305s)
[field] tc:slope_var:5                               P@40k A1=0.0083 (x0.846) A2=0.0503 (x0.659) cat=0.0586 | AUC A1=0.5142 A2=0.4884  (3310s)
[field] tc:slope_var:9                               P@40k A1=0.0049 (x0.491) A2=0.0488 (x0.64) cat=0.0536 | AUC A1=0.5101 A2=0.4915  (3315s)
[field] tc:detrend:1                                 P@40k A1=0.0099 (x1.003) A2=0.0703 (x0.923) cat=0.0802 | AUC A1=0.5068 A2=0.4931  (3321s)
[field] tc:detrend:1.5                               P@40k A1=0.0095 (x0.957) A2=0.0676 (x0.888) cat=0.0771 | AUC A1=0.5081 A2=0.4911  (3327s)
[field] tc:detrend:2                                 P@40k A1=0.0095 (x0.965) A2=0.0678 (x0.889) cat=0.0773 | AUC A1=0.508 A2=0.4913  (3333s)
[field] tc:detrend:2.5                               P@40k A1=0.0094 (x0.952) A2=0.0661 (x0.867) cat=0.0755 | AUC A1=0.5078 A2=0.4911  (3339s)
[field] tc:detrend:3                                 P@40k A1=0.0096 (x0.974) A2=0.0661 (x0.868) cat=0.0757 | AUC A1=0.5078 A2=0.4911  (3345s)
[field] tc:detrend:5                                 P@40k A1=0.0083 (x0.836) A2=0.0657 (x0.862) cat=0.0740 | AUC A1=0.5076 A2=0.4923  (3351s)
[field] tc:detrend:9                                 P@40k A1=0.0080 (x0.81) A2=0.0648 (x0.85) cat=0.0728 | AUC A1=0.5086 A2=0.4969  (3358s)
[field] det_elev:inv_openness:1.5                    P@40k A1=0.0066 (x0.669) A2=0.0665 (x0.873) cat=0.0731 | AUC A1=0.5533 A2=0.5639  (3365s)
[field] det_elev:inv_openness:3                      P@40k A1=0.0066 (x0.669) A2=0.0723 (x0.949) cat=0.0789 | AUC A1=0.5567 A2=0.5668  (3373s)
[field] det_elev:inv_openness:5                      P@40k A1=0.0065 (x0.655) A2=0.0768 (x1.008) cat=0.0833 | AUC A1=0.5581 A2=0.5691  (3383s)
[field] det_elev_slope:inv_openness:1.5              P@40k A1=0.0095 (x0.967) A2=0.0722 (x0.947) cat=0.0817 | AUC A1=0.5608 A2=0.5696  (3390s)
[field] det_elev_slope:inv_openness:3                P@40k A1=0.0095 (x0.967) A2=0.0722 (x0.947) cat=0.0817 | AUC A1=0.5651 A2=0.5745  (3398s)
[field] det_elev_slope:inv_openness:5                P@40k A1=0.0095 (x0.967) A2=0.0722 (x0.947) cat=0.0817 | AUC A1=0.5666 A2=0.5773  (3408s)
[field] raw:ieq_n100a15                              P@40k A1=0.0070 (x0.714) A2=0.0725 (x0.951) cat=0.0795 | AUC A1=0.5026 A2=0.5707  (3413s)
[field] raw:ieq_n100a15_inv                          P@40k A1=0.0000 (x0.0) A2=0.0155 (x0.203) cat=0.0155 | AUC A1=0.4958 A2=0.4285  (3415s)
[field] regional25:ieq_n100a15                       P@40k A1=0.0127 (x1.286) A2=0.0708 (x0.929) cat=0.0835 | AUC A1=0.5038 A2=0.5692  (3421s)
[field] raw:geod_2ndinv                              P@40k A1=0.0165 (x1.674) A2=0.2907 (x3.815) cat=0.3072 | AUC A1=0.5359 A2=0.5663  (3423s)
[field] raw:geod_2ndinv_inv                          P@40k A1=0.0327 (x3.312) A2=0.0274 (x0.36) cat=0.0601 | AUC A1=0.4625 A2=0.433  (3425s)
[field] regional25:geod_2ndinv                       P@40k A1=0.0108 (x1.096) A2=0.2759 (x3.621) cat=0.2867 | AUC A1=0.5366 A2=0.5642  (3430s)
[field] raw:deq_n100a15                              P@40k A1=0.0059 (x0.598) A2=0.0483 (x0.633) cat=0.0541 | AUC A1=0.4937 A2=0.5493  (3435s)
[field] raw:deq_n100a15_inv                          P@40k A1=0.0061 (x0.615) A2=0.0738 (x0.969) cat=0.0799 | AUC A1=0.5047 A2=0.45  (3437s)
[field] regional25:deq_n100a15                       P@40k A1=0.0059 (x0.598) A2=0.0262 (x0.344) cat=0.0321 | AUC A1=0.4944 A2=0.5481  (3442s)
[field] raw:geod_shearrate                           P@40k A1=0.0063 (x0.636) A2=0.2708 (x3.554) cat=0.2771 | AUC A1=0.5417 A2=0.5625  (3447s)
[field] raw:geod_shearrate_inv                       P@40k A1=0.0129 (x1.302) A2=0.0606 (x0.795) cat=0.0735 | AUC A1=0.4567 A2=0.4367  (3449s)
[field] regional25:geod_shearrate                    P@40k A1=0.0062 (x0.623) A2=0.2137 (x2.805) cat=0.2198 | AUC A1=0.542 A2=0.5623  (3455s)
[field] raw:iso_grav_anom_slope                      P@40k A1=0.0054 (x0.547) A2=0.0997 (x1.308) cat=0.1051 | AUC A1=0.4712 A2=0.5407  (3462s)
[field] raw:iso_grav_anom_slope_inv                  P@40k A1=0.0127 (x1.291) A2=0.0716 (x0.939) cat=0.0843 | AUC A1=0.5272 A2=0.4586  (3466s)
[field] regional25:iso_grav_anom_slope               P@40k A1=0.0073 (x0.734) A2=0.0903 (x1.186) cat=0.0976 | AUC A1=0.4685 A2=0.5283  (3473s)
[field] raw:geod_dilaterate                          P@40k A1=0.0041 (x0.415) A2=0.1116 (x1.465) cat=0.1157 | AUC A1=0.4437 A2=0.542  (3479s)
[field] raw:geod_dilaterate_inv                      P@40k A1=0.0459 (x4.654) A2=0.1047 (x1.374) cat=0.1507 | AUC A1=0.5547 A2=0.4573  (3481s)
[field] regional25:geod_dilaterate                   P@40k A1=0.0038 (x0.383) A2=0.0068 (x0.089) cat=0.0106 | AUC A1=0.4424 A2=0.5423  (3486s)
[field] raw:tmi_hg                                   P@40k A1=0.0156 (x1.582) A2=0.0727 (x0.954) cat=0.0883 | AUC A1=0.5111 A2=0.5296  (3491s)
[field] raw:tmi_hg_inv                               P@40k A1=0.0074 (x0.75) A2=0.0752 (x0.988) cat=0.0827 | AUC A1=0.4872 A2=0.4697  (3496s)
[field] regional25:tmi_hg                            P@40k A1=0.0264 (x2.677) A2=0.0615 (x0.808) cat=0.0880 | AUC A1=0.497 A2=0.524  (3502s)
[field] raw:iso_grav_anom_vg                         P@40k A1=0.0029 (x0.299) A2=0.0489 (x0.642) cat=0.0519 | AUC A1=0.5251 A2=0.5257  (3509s)
[field] raw:iso_grav_anom_vg_inv                     P@40k A1=0.0094 (x0.954) A2=0.1099 (x1.442) cat=0.1193 | AUC A1=0.4733 A2=0.4735  (3514s)
[field] regional25:iso_grav_anom_vg                  P@40k A1=0.0048 (x0.486) A2=0.0539 (x0.707) cat=0.0587 | AUC A1=0.5327 A2=0.5343  (3520s)
[field] raw:depth_to_base_surf                       P@40k A1=0.0096 (x0.974) A2=0.0229 (x0.301) cat=0.0326 | AUC A1=0.464 A2=0.518  (3527s)
[field] raw:depth_to_base_surf_inv                   P@40k A1=0.0044 (x0.446) A2=0.0273 (x0.359) cat=0.0318 | AUC A1=0.5344 A2=0.4812  (3531s)
[field] regional25:depth_to_base_surf                P@40k A1=0.0109 (x1.104) A2=0.0179 (x0.235) cat=0.0288 | AUC A1=0.4716 A2=0.5318  (3538s)
[field] raw:cond_surf                                P@40k A1=0.0000 (x0.0) A2=0.0988 (x1.296) cat=0.0988 | AUC A1=0.4982 A2=0.4809  (3542s)
[field] raw:cond_surf_inv                            P@40k A1=0.0229 (x2.317) A2=0.1663 (x2.183) cat=0.1892 | AUC A1=0.5001 A2=0.5184  (3544s)
[field] regional25:cond_surf                         P@40k A1=0.0009 (x0.096) A2=0.1188 (x1.559) cat=0.1197 | AUC A1=0.4991 A2=0.4786  (3550s)
[field] raw:mag_anom                                 P@40k A1=0.0142 (x1.44) A2=0.0448 (x0.588) cat=0.0590 | AUC A1=0.539 A2=0.4872  (3554s)
[field] raw:mag_anom_inv                             P@40k A1=0.0058 (x0.584) A2=0.1429 (x1.875) cat=0.1487 | AUC A1=0.4594 A2=0.512  (3558s)
[field] regional25:mag_anom                          P@40k A1=0.0192 (x1.947) A2=0.0316 (x0.414) cat=0.0508 | AUC A1=0.551 A2=0.4941  (3564s)
[field] raw:tc                                       P@40k A1=0.0041 (x0.415) A2=0.0704 (x0.925) cat=0.0746 | AUC A1=0.4574 A2=0.4401  (3568s)
[field] raw:tc_inv                                   P@40k A1=0.0000 (x0.0) A2=0.0020 (x0.027) cat=0.0020 | AUC A1=0.541 A2=0.5592  (3573s)
[field] regional25:tc                                P@40k A1=0.0084 (x0.851) A2=0.1058 (x1.389) cat=0.1143 | AUC A1=0.4957 A2=0.4675  (3579s)
